[21:23:18] [main/INFO]: Loading Minecraft 1.21.8 with Fabric Loader 0.19.3
[21:23:18] [main/INFO]: Fabric is preparing JARs on first launch, this may take a few seconds...
[21:23:18] [main/INFO]: Loading 4 mods:
	- fabricloader 0.19.3
	   \-- mixinextras 0.5.4
	- java 21
	- minecraft 1.21.8
[21:23:18] [main/INFO]: SpongePowered MIXIN Subsystem Version=0.8.7 Source=file:/C:/Users/CARLOS_JR/.lunarclient/nexo/libraries/net/fabricmc/sponge-mixin/0.17.3+mixin.0.8.7/sponge-mixin-0.17.3+mixin.0.8.7.jar Service=Knot/Fabric Env=CLIENT
[21:23:24] [Datafixer Bootstrap/INFO]: 269 Datafixer optimizations took 1635 milliseconds
[21:23:32] [Render thread/INFO]: Environment: Environment[sessionHost=https://sessionserver.mojang.com, servicesHost=https://api.minecraftservices.com, name=PROD]
[21:23:32] [Render thread/INFO]: Setting user: junior_0001
[21:23:32] [Render thread/INFO]: Backend library: LWJGL version 3.3.3-snapshot
[21:23:33] [Render thread/INFO]: Using optional rendering extensions: GL_ARB_buffer_storage, GL_KHR_debug, GL_ARB_vertex_attrib_binding, GL_ARB_direct_state_access
[21:23:34] [Render thread/INFO]: Reloading ResourceManager: vanilla
[21:23:34] [Worker-Main-3/INFO]: Found unifont_all_no_pua-16.0.03.hex, loading
[21:23:34] [Worker-Main-7/INFO]: Found unifont_pua-16.0.03.hex, loading
[21:23:34] [Worker-Main-3/INFO]: Found unifont_jp_patch-16.0.03.hex, loading
[21:23:37] [Render thread/INFO]: OpenAL initialized on device OpenAL Soft on Auriculares (Realtek(R) Audio)
[21:23:37] [Render thread/INFO]: Sound engine started
[21:23:37] [Render thread/INFO]: Created: 1024x512x4 minecraft:textures/atlas/blocks.png-atlas
[21:23:37] [Render thread/INFO]: Created: 256x256x4 minecraft:textures/atlas/signs.png-atlas
[21:23:37] [Render thread/INFO]: Created: 512x512x4 minecraft:textures/atlas/banner_patterns.png-atlas
[21:23:37] [Render thread/INFO]: Created: 512x512x4 minecraft:textures/atlas/shield_patterns.png-atlas
[21:23:37] [Render thread/INFO]: Created: 2048x1024x4 minecraft:textures/atlas/armor_trims.png-atlas
[21:23:37] [Render thread/INFO]: Created: 256x256x4 minecraft:textures/atlas/chest.png-atlas
[21:23:37] [Render thread/INFO]: Created: 128x64x4 minecraft:textures/atlas/decorated_pot.png-atlas
[21:23:37] [Render thread/INFO]: Created: 512x256x4 minecraft:textures/atlas/beds.png-atlas
[21:23:37] [Render thread/INFO]: Created: 512x256x4 minecraft:textures/atlas/shulker_boxes.png-atlas
[21:23:37] [Render thread/INFO]: Created: 64x64x0 minecraft:textures/atlas/map_decorations.png-atlas
[21:23:38] [Render thread/INFO]: Created: 512x256x0 minecraft:textures/atlas/particles.png-atlas
[21:23:38] [Render thread/INFO]: Created: 512x256x0 minecraft:textures/atlas/paintings.png-atlas
[21:23:38] [Render thread/INFO]: Created: 1024x512x0 minecraft:textures/atlas/gui.png-atlas
[21:24:03] [Render thread/INFO]: Connecting to mc.diosesmc.net, 25565
[21:24:04] [Render thread/INFO]: Resizing Dynamic Transforms UBO, capacity limit of 2 reached during a single frame. New capacity will be 4.
[21:24:04] [Render thread/INFO]: Resizing Dynamic Transforms UBO, capacity limit of 4 reached during a single frame. New capacity will be 8.
[21:24:04] [Render thread/INFO]: Resizing Dynamic Transforms UBO, capacity limit of 8 reached during a single frame. New capacity will be 16.
[21:24:05] [Render thread/INFO]: Resizing Dynamic Transforms UBO, capacity limit of 16 reached during a single frame. New capacity will be 32.
[21:24:05] [Render thread/INFO]: Resizing Dynamic Transforms UBO, capacity limit of 32 reached during a single frame. New capacity will be 64.
[21:24:05] [Render thread/INFO]: Resizing Dynamic Transforms UBO, capacity limit of 64 reached during a single frame. New capacity will be 128.
[21:24:05] [Render thread/INFO]: Resizing Dynamic Transforms UBO, capacity limit of 128 reached during a single frame. New capacity will be 256.
[21:24:06] [Render thread/INFO]: [System] [CHAT] 
[21:24:06] [Render thread/INFO]: [System] [CHAT] 
[21:24:06] [Render thread/INFO]: [System] [CHAT]          DiosesMC ⚡ ¿CÓMO LOGUEARSE?
[21:24:06] [Render thread/INFO]: [System] [CHAT]   ¡Estamos deseando que juegues con nosotros!
[21:24:06] [Render thread/INFO]: [System] [CHAT] 
[21:24:06] [Render thread/INFO]: [System] [CHAT]           ℹ Si quieres iniciar sesión usa:
[21:24:06] [Render thread/INFO]: [System] [CHAT]               ▸ /login tuContraseña
[21:24:06] [Render thread/INFO]: [System] [CHAT]  
[21:24:06] [Render thread/INFO]: [System] [CHAT]           ℹ Si necesitas ayuda, únete a:
[21:24:06] [Render thread/INFO]: [System] [CHAT]               ▸ discord.diosesmc.net
[21:24:06] [Render thread/INFO]: [System] [CHAT] 
[21:24:06] [Render thread/INFO]: Resizing Dynamic Transforms UBO, capacity limit of 256 reached during a single frame. New capacity will be 512.
[21:24:28] [Render thread/INFO]: Stopping!
