[2026-08-24 03:27:21.860] [info]  [Electron] Logger initialized for assetserver at C:\Users\CARLOS_JR\.lunarclient\logs\launcher\assetserver.log (Prefix: AssetServer)
[2026-08-24 03:28:03.526] [info]  [AssetServer] No reconnect JWT available, going to Authenticator...
[2026-08-24 03:28:03.534] [info]  [AssetServer] Registered 42 push handlers
[2026-08-24 03:28:05.503] [info]  [AssetServer] Connection opened!
[2026-08-24 03:28:05.507] [info]  [AssetServer] Sending initial connection handshake
[2026-08-24 03:28:05.510] [info]  [AssetServer] Starting service logins in parallel...
[2026-08-24 03:28:05.596] [info]  [AssetServer] Received session ID: 59c3497f-dcfa-48f9-8b01-6367d7c3a229
[2026-08-24 03:28:05.776] [info]  [AssetServer] Completed service logins!
[2026-08-24 16:18:36.059] [info]  [Electron] Logger initialized for assetserver at C:\Users\CARLOS_JR\.lunarclient\logs\launcher\assetserver.log (Prefix: AssetServer)
[2026-08-24 16:18:38.746] [info]  [AssetServer] No reconnect JWT available, going to Authenticator...
[2026-08-24 16:18:38.752] [info]  [AssetServer] Registered 42 push handlers
[2026-08-24 16:18:39.976] [info]  [AssetServer] Connection opened!
[2026-08-24 16:18:39.978] [info]  [AssetServer] Sending initial connection handshake
[2026-08-24 16:18:39.981] [info]  [AssetServer] Starting service logins in parallel...
[2026-08-24 16:18:40.114] [info]  [AssetServer] Received session ID: f7b4dc2e-51cc-4226-b07f-6607fea30d17
[2026-08-24 16:18:40.287] [info]  [AssetServer] Completed service logins!
[2026-08-24 17:50:54.381] [info]  [AssetServer] Connection closed! Code: 1006 - Reason: N/A
[2026-08-24 17:50:54.391] [info]  [AssetServer] Scheduling reconnect task...
[2026-08-24 17:51:24.419] [info]  [AssetServer] Attempting to reconnect...
[2026-08-24 17:51:24.446] [info]  [AssetServer] No reconnect JWT available, going to Authenticator...
[2026-08-24 17:51:25.681] [info]  [AssetServer] Reconnected to AssetServer!
[2026-08-24 17:51:25.935] [info]  [AssetServer] Connection opened!
[2026-08-24 17:51:25.937] [info]  [AssetServer] Sending initial connection handshake
[2026-08-24 17:51:25.940] [info]  [AssetServer] Starting service logins in parallel...
[2026-08-24 17:51:26.013] [info]  [AssetServer] Received session ID: 1d7bdf69-9a25-4b7a-adab-fb766adec841
[2026-08-24 17:51:26.281] [info]  [AssetServer] Completed service logins!
[2026-08-24 23:57:08.250] [info]  [AssetServer] Connection closed! Code: 1006 - Reason: N/A
[2026-08-24 23:57:08.271] [info]  [AssetServer] Scheduling reconnect task...
[2026-08-24 23:57:38.278] [info]  [AssetServer] Attempting to reconnect...
[2026-08-24 23:57:38.287] [info]  [AssetServer] No reconnect JWT available, going to Authenticator...
[2026-08-24 23:57:39.184] [info]  [AssetServer] Reconnected to AssetServer!
[2026-08-24 23:57:39.436] [info]  [AssetServer] Connection opened!
[2026-08-24 23:57:39.438] [info]  [AssetServer] Sending initial connection handshake
[2026-08-24 23:57:39.440] [info]  [AssetServer] Starting service logins in parallel...
[2026-08-24 23:57:39.511] [info]  [AssetServer] Received session ID: 07a62e00-7a5a-4ebb-8d3e-2bb436b9f3d5
[2026-08-24 23:57:39.687] [info]  [AssetServer] Completed service logins!
[2026-08-25 00:10:45.561] [info]  [AssetServer] Connection closed! Code: 1000 - Reason: Bye
[2026-08-25 00:10:45.591] [info]  [AssetServer] Resetting stores...
[2026-08-25 00:10:45.625] [info]  [AssetServer] Reconnects are being prevented, skipping...
[2026-08-25 00:11:29.101] [info]  [Electron] Logger initialized for assetserver at C:\Users\CARLOS_JR\.lunarclient\logs\launcher\assetserver.log (Prefix: AssetServer)
[2026-08-25 00:11:33.608] [info]  [AssetServer] No reconnect JWT available, going to Authenticator...
[2026-08-25 00:11:33.645] [info]  [AssetServer] Registered 42 push handlers
[2026-08-25 00:11:37.365] [info]  [AssetServer] Connection opened!
[2026-08-25 00:11:37.389] [info]  [AssetServer] Sending initial connection handshake
[2026-08-25 00:11:37.401] [info]  [AssetServer] Starting service logins in parallel...
[2026-08-25 00:11:37.486] [info]  [AssetServer] Received session ID: 83efbb93-88c1-4aaa-b9fc-ce952ea698e1
[2026-08-25 00:11:38.004] [info]  [AssetServer] Completed service logins!
[2026-08-25 02:07:29.411] [info]  [AssetServer] Connection closed! Code: 1006 - Reason: N/A
[2026-08-25 02:07:29.534] [info]  [AssetServer] Scheduling reconnect task...
[2026-08-25 02:07:40.092] [warn]  [AssetServer] [RPC] Request 246 timed out!
[2026-08-25 02:07:59.580] [info]  [AssetServer] Attempting to reconnect...
[2026-08-25 02:07:59.602] [info]  [AssetServer] No reconnect JWT available, going to Authenticator...
[2026-08-25 02:08:01.227] [info]  [AssetServer] Reconnected to AssetServer!
[2026-08-25 02:08:01.481] [info]  [AssetServer] Connection opened!
[2026-08-25 02:08:01.484] [info]  [AssetServer] Sending initial connection handshake
[2026-08-25 02:08:01.488] [info]  [AssetServer] Starting service logins in parallel...
[2026-08-25 02:08:01.578] [info]  [AssetServer] Received session ID: 308ea605-30e5-427d-8dad-a984f5fd9882
[2026-08-25 02:08:01.886] [info]  [AssetServer] Completed service logins!
[2026-08-25 03:02:12.747] [info]  [AssetServer] Found an existing connection... killing before starting a new one!
[2026-08-25 03:02:12.768] [info]  [AssetServer] No reconnect JWT available, going to Authenticator...
[2026-08-25 03:02:12.791] [info]  [AssetServer] Registered 42 push handlers
[2026-08-25 03:02:12.849] [info]  [AssetServer] Connection closed! Code: 1000 - Reason: Bye
[2026-08-25 03:02:12.855] [info]  [AssetServer] Resetting stores...
[2026-08-25 03:02:12.864] [info]  [AssetServer] Reconnects are being prevented, skipping...
[2026-08-25 03:02:14.062] [info]  [AssetServer] Connection opened!
[2026-08-25 03:02:14.065] [info]  [AssetServer] Sending initial connection handshake
[2026-08-25 03:02:14.067] [info]  [AssetServer] Starting service logins in parallel...
[2026-08-25 03:02:14.145] [info]  [AssetServer] Received session ID: b16c923d-4024-4010-87cd-ff3467dc669e
[2026-08-25 03:02:14.359] [info]  [AssetServer] Completed service logins!
[2026-08-25 04:08:04.343] [info]  [AssetServer] Connection closed! Code: 1006 - Reason: N/A
[2026-08-25 04:08:04.362] [info]  [AssetServer] Scheduling reconnect task...
[2026-08-25 04:08:16.156] [warn]  [AssetServer] [RPC] Request 145 timed out!
[2026-08-25 04:08:34.382] [info]  [AssetServer] Attempting to reconnect...
[2026-08-25 04:08:34.448] [info]  [AssetServer] No reconnect JWT available, going to Authenticator...
[2026-08-25 04:08:49.846] [error] [AssetServer] An unexpected error occurred while authenticating with Lunar Client: Authentication timed out after 15 seconds (authenticator-timeout)
[2026-08-25 23:33:16.074] [info]  [Electron] Logger initialized for assetserver at C:\Users\CARLOS_JR\.lunarclient\logs\launcher\assetserver.log (Prefix: AssetServer)
[2026-08-25 23:33:19.695] [info]  [AssetServer] No reconnect JWT available, going to Authenticator...
[2026-08-25 23:33:19.703] [info]  [AssetServer] Registered 42 push handlers
[2026-08-25 23:33:20.958] [info]  [AssetServer] Connection opened!
[2026-08-25 23:33:20.962] [info]  [AssetServer] Sending initial connection handshake
[2026-08-25 23:33:20.966] [info]  [AssetServer] Starting service logins in parallel...
[2026-08-25 23:33:21.074] [info]  [AssetServer] Received session ID: a11ad8c4-c4f1-4d65-a438-065bade19ac3
[2026-08-25 23:33:21.282] [info]  [AssetServer] Completed service logins!
[2026-08-26 02:36:32.625] [info]  [Electron] Logger initialized for assetserver at C:\Users\CARLOS_JR\.lunarclient\logs\launcher\assetserver.log (Prefix: AssetServer)
[2026-08-26 02:36:35.298] [info]  [AssetServer] No reconnect JWT available, going to Authenticator...
[2026-08-26 02:36:35.303] [info]  [AssetServer] Registered 42 push handlers
[2026-08-26 02:36:37.009] [info]  [AssetServer] Connection opened!
[2026-08-26 02:36:37.011] [info]  [AssetServer] Sending initial connection handshake
[2026-08-26 02:36:37.015] [info]  [AssetServer] Starting service logins in parallel...
[2026-08-26 02:36:37.108] [info]  [AssetServer] Received session ID: 788d8193-c414-422c-8ffc-9de50d3271cc
[2026-08-26 02:36:37.270] [info]  [AssetServer] Completed service logins!
[2026-08-26 03:02:20.988] [info]  [AssetServer] Found an existing connection... killing before starting a new one!
[2026-08-26 03:02:21.023] [info]  [AssetServer] No reconnect JWT available, going to Authenticator...
[2026-08-26 03:02:21.076] [info]  [AssetServer] Registered 42 push handlers
[2026-08-26 03:02:21.259] [info]  [AssetServer] Connection closed! Code: 1000 - Reason: Bye
[2026-08-26 03:02:21.267] [info]  [AssetServer] Resetting stores...
[2026-08-26 03:02:21.278] [info]  [AssetServer] Reconnects are being prevented, skipping...
[2026-08-26 03:02:21.872] [info]  [AssetServer] Connection opened!
[2026-08-26 03:02:21.875] [info]  [AssetServer] Sending initial connection handshake
[2026-08-26 03:02:21.880] [info]  [AssetServer] Starting service logins in parallel...
[2026-08-26 03:02:21.968] [info]  [AssetServer] Received session ID: f96c5a2f-84a3-47ea-904d-cf7b3cd76af1
[2026-08-26 03:02:22.343] [info]  [AssetServer] Completed service logins!
[2026-08-26 05:31:12.740] [info]  [AssetServer] Connection closed! Code: 1006 - Reason: N/A
[2026-08-26 05:31:12.746] [info]  [AssetServer] Scheduling reconnect task...
[2026-08-26 12:18:39.930] [info]  [AssetServer] Attempting to reconnect...
[2026-08-26 12:18:39.937] [info]  [AssetServer] No reconnect JWT available, going to Authenticator...
[2026-08-26 12:18:41.681] [error] [AssetServer] An unexpected error occurred while authenticating with Lunar Client: Unexpected connection error communicating with the authenticator (authenticator-connection-error)
[2026-08-26 12:19:09.935] [info]  [AssetServer] Attempting to reconnect...
[2026-08-26 12:19:09.941] [info]  [AssetServer] No reconnect JWT available, going to Authenticator...
[2026-08-26 12:19:10.980] [info]  [AssetServer] Reconnected to AssetServer!
[2026-08-26 12:19:11.275] [info]  [AssetServer] Connection opened!
[2026-08-26 12:19:11.278] [info]  [AssetServer] Sending initial connection handshake
[2026-08-26 12:19:11.296] [info]  [AssetServer] Starting service logins in parallel...
[2026-08-26 12:19:11.389] [info]  [AssetServer] Received session ID: 6ed5ae52-c605-4e7b-a064-4205a48924b3
[2026-08-26 12:19:11.746] [info]  [AssetServer] Completed service logins!
[2026-08-26 16:15:32.516] [info]  [AssetServer] Connection closed! Code: 1006 - Reason: N/A
[2026-08-26 16:15:32.529] [info]  [AssetServer] Scheduling reconnect task...
[2026-08-26 16:16:02.551] [info]  [AssetServer] Attempting to reconnect...
[2026-08-26 16:16:02.557] [info]  [AssetServer] No reconnect JWT available, going to Authenticator...
[2026-08-26 16:16:03.749] [info]  [AssetServer] Reconnected to AssetServer!
[2026-08-26 16:16:04.000] [info]  [AssetServer] Connection opened!
[2026-08-26 16:16:04.004] [info]  [AssetServer] Sending initial connection handshake
[2026-08-26 16:16:04.007] [info]  [AssetServer] Starting service logins in parallel...
[2026-08-26 16:16:04.086] [info]  [AssetServer] Received session ID: ba405bf2-3357-4cff-b1ed-5ed0ba2a6607
[2026-08-26 16:16:04.249] [info]  [AssetServer] Completed service logins!
[2026-08-26 16:36:24.778] [info]  [AssetServer] Connection closed! Code: 1006 - Reason: N/A
[2026-08-26 16:36:24.783] [info]  [AssetServer] Scheduling reconnect task...
[2026-08-26 16:36:54.794] [info]  [AssetServer] Attempting to reconnect...
[2026-08-26 16:36:54.798] [info]  [AssetServer] No reconnect JWT available, going to Authenticator...
[2026-08-26 16:36:54.885] [info]  [AssetServer] Reconnected to AssetServer!
[2026-08-26 16:36:55.123] [info]  [AssetServer] Connection opened!
[2026-08-26 16:36:55.124] [info]  [AssetServer] Sending initial connection handshake
[2026-08-26 16:36:55.127] [info]  [AssetServer] Starting service logins in parallel...
[2026-08-26 16:36:55.207] [info]  [AssetServer] Received session ID: eb935319-be3c-45a7-9013-f1aef036e537
[2026-08-26 16:36:55.313] [info]  [AssetServer] Completed service logins!
[2026-08-26 22:45:42.547] [info]  [Electron] Logger initialized for assetserver at C:\Users\CARLOS_JR\.lunarclient\logs\launcher\assetserver.log (Prefix: AssetServer)
[2026-08-26 22:45:46.614] [info]  [AssetServer] No reconnect JWT available, going to Authenticator...
[2026-08-26 22:45:46.620] [info]  [AssetServer] Registered 42 push handlers
[2026-08-26 22:45:48.749] [info]  [AssetServer] Connection opened!
[2026-08-26 22:45:48.752] [info]  [AssetServer] Sending initial connection handshake
[2026-08-26 22:45:48.756] [info]  [AssetServer] Starting service logins in parallel...
[2026-08-26 22:45:48.939] [info]  [AssetServer] Received session ID: 4b42f43b-4a4f-4995-ba9e-ac9da1233cf0
[2026-08-26 22:45:49.085] [info]  [AssetServer] Completed service logins!
[2026-08-26 22:55:15.818] [info]  [AssetServer] Connection closed! Code: 1006 - Reason: N/A
[2026-08-26 22:55:15.872] [info]  [AssetServer] Scheduling reconnect task...
[2026-08-26 22:55:45.879] [info]  [AssetServer] Attempting to reconnect...
[2026-08-26 22:55:45.892] [info]  [AssetServer] No reconnect JWT available, going to Authenticator...
[2026-08-26 22:55:46.195] [info]  [AssetServer] Reconnected to AssetServer!
[2026-08-26 22:55:46.524] [info]  [AssetServer] Connection opened!
[2026-08-26 22:55:46.526] [info]  [AssetServer] Sending initial connection handshake
[2026-08-26 22:55:46.529] [info]  [AssetServer] Starting service logins in parallel...
[2026-08-26 22:55:46.616] [info]  [AssetServer] Received session ID: 4abd7906-3dd5-4d03-a240-c647cb1e57c5
[2026-08-26 22:55:46.885] [info]  [AssetServer] Completed service logins!
[2026-08-27 02:00:31.426] [info]  [AssetServer] Found an existing connection... killing before starting a new one!
[2026-08-27 02:00:31.438] [info]  [AssetServer] No reconnect JWT available, going to Authenticator...
[2026-08-27 02:00:31.465] [info]  [AssetServer] Registered 42 push handlers
[2026-08-27 02:00:31.532] [info]  [AssetServer] Connection closed! Code: 1000 - Reason: Bye
[2026-08-27 02:00:31.535] [info]  [AssetServer] Resetting stores...
[2026-08-27 02:00:31.540] [info]  [AssetServer] Reconnects are being prevented, skipping...
[2026-08-27 02:00:33.088] [info]  [AssetServer] Connection opened!
[2026-08-27 02:00:33.090] [info]  [AssetServer] Sending initial connection handshake
[2026-08-27 02:00:33.092] [info]  [AssetServer] Starting service logins in parallel...
[2026-08-27 02:00:33.217] [info]  [AssetServer] Received session ID: a234a0b8-db19-41ad-bb70-4e39b655d6ed
[2026-08-27 02:00:33.392] [info]  [AssetServer] Completed service logins!
[2026-08-27 02:22:14.430] [info]  [Electron] Logger initialized for assetserver at C:\Users\CARLOS_JR\.lunarclient\logs\launcher\assetserver.log (Prefix: AssetServer)
[2026-08-27 02:22:17.412] [info]  [AssetServer] No reconnect JWT available, going to Authenticator...
[2026-08-27 02:22:17.419] [info]  [AssetServer] Registered 42 push handlers
[2026-08-27 02:22:24.106] [info]  [AssetServer] Connection opened!
[2026-08-27 02:22:24.110] [info]  [AssetServer] Sending initial connection handshake
[2026-08-27 02:22:24.114] [info]  [AssetServer] Starting service logins in parallel...
[2026-08-27 02:22:24.283] [info]  [AssetServer] Received session ID: d717ef68-61bd-4645-80c4-fccf922c6951
[2026-08-27 02:22:24.453] [info]  [AssetServer] Completed service logins!
[2026-08-27 02:47:18.778] [info]  [AssetServer] Found an existing connection... killing before starting a new one!
[2026-08-27 02:47:18.799] [info]  [AssetServer] No reconnect JWT available, going to Authenticator...
[2026-08-27 02:47:18.822] [info]  [AssetServer] Registered 42 push handlers
[2026-08-27 02:47:18.997] [info]  [AssetServer] Connection closed! Code: 1000 - Reason: Bye
[2026-08-27 02:47:19.002] [info]  [AssetServer] Resetting stores...
[2026-08-27 02:47:19.008] [info]  [AssetServer] Reconnects are being prevented, skipping...
[2026-08-27 02:47:19.293] [info]  [AssetServer] Connection opened!
[2026-08-27 02:47:19.296] [info]  [AssetServer] Sending initial connection handshake
[2026-08-27 02:47:19.299] [info]  [AssetServer] Starting service logins in parallel...
[2026-08-27 02:47:19.407] [info]  [AssetServer] Received session ID: 88a8364e-89e3-404b-89c5-d953a80182e4
[2026-08-27 02:47:19.547] [info]  [AssetServer] Completed service logins!
[2026-08-27 12:20:35.241] [info]  [Electron] Logger initialized for assetserver at C:\Users\CARLOS_JR\.lunarclient\logs\launcher\assetserver.log (Prefix: AssetServer)
[2026-08-27 12:20:40.083] [info]  [AssetServer] No reconnect JWT available, going to Authenticator...
[2026-08-27 12:20:40.090] [info]  [AssetServer] Registered 42 push handlers
[2026-08-27 12:20:41.495] [info]  [AssetServer] Connection opened!
[2026-08-27 12:20:41.498] [info]  [AssetServer] Sending initial connection handshake
[2026-08-27 12:20:41.503] [info]  [AssetServer] Starting service logins in parallel...
[2026-08-27 12:20:41.581] [info]  [AssetServer] Received session ID: 694523d2-c3c4-4b60-8282-2417efe5474d
[2026-08-27 12:20:41.734] [info]  [AssetServer] Completed service logins!
[2026-08-27 12:40:50.552] [info]  [AssetServer] Found an existing connection... killing before starting a new one!
[2026-08-27 12:40:50.582] [info]  [AssetServer] No reconnect JWT available, going to Authenticator...
[2026-08-27 12:40:50.639] [info]  [AssetServer] Registered 42 push handlers
[2026-08-27 12:40:50.714] [info]  [AssetServer] Connection closed! Code: 1000 - Reason: Bye
[2026-08-27 12:40:50.722] [info]  [AssetServer] Resetting stores...
[2026-08-27 12:40:50.729] [info]  [AssetServer] Reconnects are being prevented, skipping...
[2026-08-27 12:40:51.538] [info]  [AssetServer] Connection opened!
[2026-08-27 12:40:51.542] [info]  [AssetServer] Sending initial connection handshake
[2026-08-27 12:40:51.546] [info]  [AssetServer] Starting service logins in parallel...
[2026-08-27 12:40:51.628] [info]  [AssetServer] Received session ID: 3e4d1142-eb42-43ac-8eac-645d9db6e725
[2026-08-27 12:40:52.016] [info]  [AssetServer] Completed service logins!
[2026-08-27 15:19:35.462] [info]  [AssetServer] Connection closed! Code: 1006 - Reason: N/A
[2026-08-27 15:19:35.477] [info]  [AssetServer] Scheduling reconnect task...
[2026-08-27 15:19:35.481] [warn]  [AssetServer] [RPC] Request 335 timed out!
[2026-08-27 15:20:05.492] [info]  [AssetServer] Attempting to reconnect...
[2026-08-27 15:20:05.500] [info]  [AssetServer] No reconnect JWT available, going to Authenticator...
[2026-08-27 15:20:05.510] [warn]  [AssetServer] [RPC] Request 336 timed out!
[2026-08-27 15:20:06.416] [info]  [AssetServer] Reconnected to AssetServer!
[2026-08-27 15:20:06.672] [info]  [AssetServer] Connection opened!
[2026-08-27 15:20:06.674] [info]  [AssetServer] Sending initial connection handshake
[2026-08-27 15:20:06.676] [info]  [AssetServer] Starting service logins in parallel...
[2026-08-27 15:20:06.754] [info]  [AssetServer] Received session ID: d292a5d4-69cd-4ba3-b5b8-c91f735ea2f1
[2026-08-27 15:20:07.016] [info]  [AssetServer] Completed service logins!
[2026-08-27 18:23:36.535] [info]  [AssetServer] Connection closed! Code: 1006 - Reason: N/A
[2026-08-27 18:23:36.541] [info]  [AssetServer] Scheduling reconnect task...
[2026-08-27 18:24:06.552] [info]  [AssetServer] Attempting to reconnect...
[2026-08-27 18:24:06.554] [info]  [AssetServer] No reconnect JWT available, going to Authenticator...
[2026-08-27 18:24:07.372] [info]  [AssetServer] Reconnected to AssetServer!
[2026-08-27 18:24:07.645] [info]  [AssetServer] Connection opened!
[2026-08-27 18:24:07.647] [info]  [AssetServer] Sending initial connection handshake
[2026-08-27 18:24:07.650] [info]  [AssetServer] Starting service logins in parallel...
[2026-08-27 18:24:07.733] [info]  [AssetServer] Received session ID: 92afb87b-de9e-4d28-9c16-38f4ff0ef24e
[2026-08-27 18:24:07.911] [info]  [AssetServer] Completed service logins!
[2026-08-27 18:42:54.556] [info]  [AssetServer] Connection closed! Code: 1006 - Reason: N/A
[2026-08-27 18:42:54.565] [info]  [AssetServer] Scheduling reconnect task...
[2026-08-27 18:43:24.574] [info]  [AssetServer] Attempting to reconnect...
[2026-08-27 18:43:24.583] [info]  [AssetServer] No reconnect JWT available, going to Authenticator...
[2026-08-27 18:43:24.815] [info]  [AssetServer] Reconnected to AssetServer!
[2026-08-27 18:43:25.125] [info]  [AssetServer] Connection opened!
[2026-08-27 18:43:25.128] [info]  [AssetServer] Sending initial connection handshake
[2026-08-27 18:43:25.131] [info]  [AssetServer] Starting service logins in parallel...
[2026-08-27 18:43:25.222] [info]  [AssetServer] Received session ID: 5b761fb0-cabe-409a-83fa-d7e18b3b69d9
[2026-08-27 18:43:25.580] [info]  [AssetServer] Completed service logins!
[2026-08-27 21:13:50.875] [info]  [Electron] Logger initialized for assetserver at C:\Users\CARLOS_JR\.lunarclient\logs\launcher\assetserver.log (Prefix: AssetServer)
[2026-08-27 21:13:53.202] [info]  [AssetServer] No reconnect JWT available, going to Authenticator...
[2026-08-27 21:13:53.208] [info]  [AssetServer] Registered 42 push handlers
[2026-08-27 21:13:54.308] [info]  [AssetServer] Connection opened!
[2026-08-27 21:13:54.311] [info]  [AssetServer] Sending initial connection handshake
[2026-08-27 21:13:54.314] [info]  [AssetServer] Starting service logins in parallel...
[2026-08-27 21:13:55.227] [info]  [AssetServer] Received session ID: b56587cb-eb0c-41e5-bbdd-1c52fa9f3bd1
[2026-08-27 21:13:56.308] [info]  [AssetServer] Completed service logins!
[2026-08-29 14:01:07.199] [info]  [Electron] Logger initialized for assetserver at C:\Users\CARLOS_JR\.lunarclient\logs\launcher\assetserver.log (Prefix: AssetServer)
[2026-08-29 14:01:15.912] [info]  [AssetServer] No reconnect JWT available, going to Authenticator...
[2026-08-29 14:01:15.920] [info]  [AssetServer] Registered 42 push handlers
[2026-08-29 14:01:17.182] [info]  [AssetServer] Connection opened!
[2026-08-29 14:01:17.185] [info]  [AssetServer] Sending initial connection handshake
[2026-08-29 14:01:17.188] [info]  [AssetServer] Starting service logins in parallel...
[2026-08-29 14:01:17.269] [info]  [AssetServer] Received session ID: 1fd1b260-9a81-4478-a437-676408c4521a
[2026-08-29 14:01:17.406] [info]  [AssetServer] Completed service logins!
[2026-08-29 21:14:48.249] [info]  [Electron] Logger initialized for assetserver at C:\Users\CARLOS_JR\.lunarclient\logs\launcher\assetserver.log (Prefix: AssetServer)
[2026-08-29 21:14:51.063] [info]  [AssetServer] No reconnect JWT available, going to Authenticator...
[2026-08-29 21:14:51.068] [info]  [AssetServer] Registered 42 push handlers
[2026-08-29 21:14:52.306] [info]  [AssetServer] Connection opened!
[2026-08-29 21:14:52.309] [info]  [AssetServer] Sending initial connection handshake
[2026-08-29 21:14:52.313] [info]  [AssetServer] Starting service logins in parallel...
[2026-08-29 21:14:52.387] [info]  [AssetServer] Received session ID: e5cfa84b-bf23-4975-bffe-9b638fd51b9b
[2026-08-29 21:14:52.526] [info]  [AssetServer] Completed service logins!
