[2026-08-24 03:27:09.914] [info]  [Electron] Logger initialized for auth at C:\Users\CARLOS_JR\.lunarclient\logs\launcher\auth.log (Prefix: Auth)
[2026-08-24 03:27:21.895] [info]  [Auth] Initializing authentication...
[2026-08-24 03:27:22.154] [info]  [Auth] Account Junior_00 is currently active
[2026-08-24 03:27:22.230] [info]  [Auth] Validating account Junior_00 owns Minecraft...
[2026-08-24 03:27:34.365] [error] [Auth] Failed to fetch current skin: Error: getaddrinfo ENOTFOUND api.minecraftservices.com
[2026-08-24 03:27:35.932] [error] [Auth] Error initializing auth on startup: Failed to check Minecraft ownership (mc-entitlements)
[2026-08-24 03:27:35.934] [error] [Auth]     This error was a request failing with ENOTFOUND: undefined
[2026-08-24 03:27:35.962] [error] [Auth] Failed to get capes: Error: getaddrinfo ENOTFOUND api.minecraftservices.com
[2026-08-24 03:28:02.069] [info]  [Auth] Initializing authentication...
[2026-08-24 03:28:02.078] [info]  [Auth] Account Junior_00 is currently active
[2026-08-24 03:28:02.087] [info]  [Auth] Validating account Junior_00 owns Minecraft...
[2026-08-24 03:28:02.814] [info]  [Auth] Account Junior_00 successfully validated to own Minecraft, proceeding with profile retrieval...
[2026-08-24 03:28:03.517] [info]  [Auth] Successfully retrieved Minecraft profile for account Junior_00, checking multiplayer privileges...
[2026-08-24 03:28:03.520] [info]  [Auth] Successfully validated account Junior_00 owns Minecraft, checking banned status...
[2026-08-24 03:28:03.522] [info]  [Auth] Account Junior_00 has multiplayer access and is not banned, proceeding with login...
[2026-08-24 03:28:03.548] [info]  [Auth] [Authenticator] Getting Lunar Client Token for Junior_00 (aa35297e424044cb8b676659959d35eb). Initiator is LAUNCHER_WEBSOCKET
[2026-08-24 03:28:03.551] [info]  [Auth] [Authenticator] No cached token found for Junior_00 (aa35297e424044cb8b676659959d35eb), requesting new token...
[2026-08-24 03:28:04.268] [info]  [Auth] [Authenticator] Connection opened for Junior_00 (aa35297e424044cb8b676659959d35eb)
[2026-08-24 03:28:04.302] [info]  [Auth] [Authenticator] Creating Minecraft session for Junior_00 (aa35297e424044cb8b676659959d35eb)...
[2026-08-24 03:28:04.688] [info]  [Auth] [Authenticator] Created Minecraft session for Junior_00 (aa35297e424044cb8b676659959d35eb)
[2026-08-24 03:28:04.998] [info]  [Auth] [Authenticator] Got Lunar Client Token for Junior_00 (aa35297e424044cb8b676659959d35eb)
[2026-08-24 03:28:05.251] [info]  [Auth] [Authenticator] Connection disconnected for Junior_00 (aa35297e424044cb8b676659959d35eb)
[2026-08-24 03:28:05.254] [info]  [Auth] [Authenticator] Code: 1000 - Reason: Issued.
[2026-08-24 16:18:31.622] [info]  [Electron] Logger initialized for auth at C:\Users\CARLOS_JR\.lunarclient\logs\launcher\auth.log (Prefix: Auth)
[2026-08-24 16:18:36.108] [info]  [Auth] Initializing authentication...
[2026-08-24 16:18:36.371] [info]  [Auth] Account Junior_00 is currently active
[2026-08-24 16:18:36.472] [info]  [Auth] Validating account Junior_00 owns Minecraft...
[2026-08-24 16:18:38.144] [info]  [Auth] Account Junior_00 successfully validated to own Minecraft, proceeding with profile retrieval...
[2026-08-24 16:18:38.738] [info]  [Auth] Successfully retrieved Minecraft profile for account Junior_00, checking multiplayer privileges...
[2026-08-24 16:18:38.740] [info]  [Auth] Successfully validated account Junior_00 owns Minecraft, checking banned status...
[2026-08-24 16:18:38.742] [info]  [Auth] Account Junior_00 has multiplayer access and is not banned, proceeding with login...
[2026-08-24 16:18:38.770] [info]  [Auth] [Authenticator] Getting Lunar Client Token for Junior_00 (aa35297e424044cb8b676659959d35eb). Initiator is LAUNCHER_WEBSOCKET
[2026-08-24 16:18:38.772] [info]  [Auth] [Authenticator] No cached token found for Junior_00 (aa35297e424044cb8b676659959d35eb), requesting new token...
[2026-08-24 16:18:38.867] [info]  [Auth] [Authenticator] Connection opened for Junior_00 (aa35297e424044cb8b676659959d35eb)
[2026-08-24 16:18:38.898] [info]  [Auth] [Authenticator] Creating Minecraft session for Junior_00 (aa35297e424044cb8b676659959d35eb)...
[2026-08-24 16:18:39.329] [info]  [Auth] [Authenticator] Created Minecraft session for Junior_00 (aa35297e424044cb8b676659959d35eb)
[2026-08-24 16:18:39.526] [info]  [Auth] [Authenticator] Got Lunar Client Token for Junior_00 (aa35297e424044cb8b676659959d35eb)
[2026-08-24 16:18:39.612] [info]  [Auth] [Authenticator] Connection disconnected for Junior_00 (aa35297e424044cb8b676659959d35eb)
[2026-08-24 16:18:39.613] [info]  [Auth] [Authenticator] Code: 1000 - Reason: Issued.
[2026-08-24 17:51:24.549] [info]  [Auth] [Authenticator] Getting Lunar Client Token for Junior_00 (aa35297e424044cb8b676659959d35eb). Initiator is LAUNCHER_WEBSOCKET
[2026-08-24 17:51:24.558] [info]  [Auth] [Authenticator] No cached token found for Junior_00 (aa35297e424044cb8b676659959d35eb), requesting new token...
[2026-08-24 17:51:24.785] [info]  [Auth] [Authenticator] Connection opened for Junior_00 (aa35297e424044cb8b676659959d35eb)
[2026-08-24 17:51:24.890] [info]  [Auth] [Authenticator] Creating Minecraft session for Junior_00 (aa35297e424044cb8b676659959d35eb)...
[2026-08-24 17:51:25.239] [info]  [Auth] [Authenticator] Created Minecraft session for Junior_00 (aa35297e424044cb8b676659959d35eb)
[2026-08-24 17:51:25.475] [info]  [Auth] [Authenticator] Got Lunar Client Token for Junior_00 (aa35297e424044cb8b676659959d35eb)
[2026-08-24 17:51:25.696] [info]  [Auth] [Authenticator] Connection disconnected for Junior_00 (aa35297e424044cb8b676659959d35eb)
[2026-08-24 17:51:25.698] [info]  [Auth] [Authenticator] Code: 1000 - Reason: Issued.
[2026-08-24 23:57:38.308] [info]  [Auth] [Authenticator] Getting Lunar Client Token for Junior_00 (aa35297e424044cb8b676659959d35eb). Initiator is LAUNCHER_WEBSOCKET
[2026-08-24 23:57:38.312] [info]  [Auth] [Authenticator] No cached token found for Junior_00 (aa35297e424044cb8b676659959d35eb), requesting new token...
[2026-08-24 23:57:38.444] [info]  [Auth] [Authenticator] Connection opened for Junior_00 (aa35297e424044cb8b676659959d35eb)
[2026-08-24 23:57:38.498] [info]  [Auth] [Authenticator] Creating Minecraft session for Junior_00 (aa35297e424044cb8b676659959d35eb)...
[2026-08-24 23:57:38.833] [info]  [Auth] [Authenticator] Created Minecraft session for Junior_00 (aa35297e424044cb8b676659959d35eb)
[2026-08-24 23:57:39.112] [info]  [Auth] [Authenticator] Got Lunar Client Token for Junior_00 (aa35297e424044cb8b676659959d35eb)
[2026-08-24 23:57:39.194] [info]  [Auth] [Authenticator] Connection disconnected for Junior_00 (aa35297e424044cb8b676659959d35eb)
[2026-08-24 23:57:39.199] [info]  [Auth] [Authenticator] Code: 1000 - Reason: Issued.
[2026-08-25 00:11:17.884] [info]  [Electron] Logger initialized for auth at C:\Users\CARLOS_JR\.lunarclient\logs\launcher\auth.log (Prefix: Auth)
[2026-08-25 00:11:29.173] [info]  [Auth] Initializing authentication...
[2026-08-25 00:11:29.822] [info]  [Auth] Account Junior_00 is currently active
[2026-08-25 00:11:29.965] [info]  [Auth] Validating account Junior_00 owns Minecraft...
[2026-08-25 00:11:32.805] [info]  [Auth] Account Junior_00 successfully validated to own Minecraft, proceeding with profile retrieval...
[2026-08-25 00:11:33.584] [info]  [Auth] Successfully retrieved Minecraft profile for account Junior_00, checking multiplayer privileges...
[2026-08-25 00:11:33.587] [info]  [Auth] Successfully validated account Junior_00 owns Minecraft, checking banned status...
[2026-08-25 00:11:33.591] [info]  [Auth] Account Junior_00 has multiplayer access and is not banned, proceeding with login...
[2026-08-25 00:11:33.713] [info]  [Auth] [Authenticator] Getting Lunar Client Token for Junior_00 (aa35297e424044cb8b676659959d35eb). Initiator is LAUNCHER_WEBSOCKET
[2026-08-25 00:11:33.721] [info]  [Auth] [Authenticator] No cached token found for Junior_00 (aa35297e424044cb8b676659959d35eb), requesting new token...
[2026-08-25 00:11:33.888] [info]  [Auth] [Authenticator] Connection opened for Junior_00 (aa35297e424044cb8b676659959d35eb)
[2026-08-25 00:11:34.177] [info]  [Auth] [Authenticator] Creating Minecraft session for Junior_00 (aa35297e424044cb8b676659959d35eb)...
[2026-08-25 00:11:34.875] [info]  [Auth] [Authenticator] Created Minecraft session for Junior_00 (aa35297e424044cb8b676659959d35eb)
[2026-08-25 00:11:35.403] [info]  [Auth] [Authenticator] Got Lunar Client Token for Junior_00 (aa35297e424044cb8b676659959d35eb)
[2026-08-25 00:11:36.475] [info]  [Auth] [Authenticator] Connection disconnected for Junior_00 (aa35297e424044cb8b676659959d35eb)
[2026-08-25 00:11:36.508] [info]  [Auth] [Authenticator] Code: 1000 - Reason: Issued.
[2026-08-25 02:07:59.654] [info]  [Auth] [Authenticator] Getting Lunar Client Token for Junior_00 (aa35297e424044cb8b676659959d35eb). Initiator is LAUNCHER_WEBSOCKET
[2026-08-25 02:07:59.659] [info]  [Auth] [Authenticator] No cached token found for Junior_00 (aa35297e424044cb8b676659959d35eb), requesting new token...
[2026-08-25 02:08:00.003] [info]  [Auth] [Authenticator] Connection opened for Junior_00 (aa35297e424044cb8b676659959d35eb)
[2026-08-25 02:08:00.363] [info]  [Auth] [Authenticator] Creating Minecraft session for Junior_00 (aa35297e424044cb8b676659959d35eb)...
[2026-08-25 02:08:00.889] [info]  [Auth] [Authenticator] Created Minecraft session for Junior_00 (aa35297e424044cb8b676659959d35eb)
[2026-08-25 02:08:01.053] [info]  [Auth] [Authenticator] Got Lunar Client Token for Junior_00 (aa35297e424044cb8b676659959d35eb)
[2026-08-25 02:08:01.239] [info]  [Auth] [Authenticator] Connection disconnected for Junior_00 (aa35297e424044cb8b676659959d35eb)
[2026-08-25 02:08:01.241] [info]  [Auth] [Authenticator] Code: 1000 - Reason: Issued.
[2026-08-25 03:02:09.151] [info]  [Auth] Initializing authentication...
[2026-08-25 03:02:09.178] [info]  [Auth] Account Junior_00 is currently active
[2026-08-25 03:02:09.243] [info]  [Auth] Validating account Junior_00 owns Minecraft...
[2026-08-25 03:02:09.274] [info]  [Auth] Refreshing profile for account Junior_00...
[2026-08-25 03:02:09.279] [info]  [Auth] Fetching new Minecraft access token using the refresh token...
[2026-08-25 03:02:11.891] [info]  [Auth] Minecraft login successful, profile refresh complete. Updating accounts file with new access token and expiry...
[2026-08-25 03:02:11.898] [info]  [Auth] Saving accounts file...
[2026-08-25 03:02:11.904] [info]  [Auth] Accounts file successfully updated with refreshed access token for account Junior_00.
[2026-08-25 03:02:12.369] [info]  [Auth] Account Junior_00 successfully validated to own Minecraft, proceeding with profile retrieval...
[2026-08-25 03:02:12.728] [info]  [Auth] Successfully retrieved Minecraft profile for account Junior_00, checking multiplayer privileges...
[2026-08-25 03:02:12.730] [info]  [Auth] Successfully validated account Junior_00 owns Minecraft, checking banned status...
[2026-08-25 03:02:12.733] [info]  [Auth] Account Junior_00 has multiplayer access and is not banned, proceeding with login...
[2026-08-25 03:02:12.870] [info]  [Auth] [Authenticator] Getting Lunar Client Token for Junior_00 (aa35297e424044cb8b676659959d35eb). Initiator is LAUNCHER_WEBSOCKET
[2026-08-25 03:02:12.872] [info]  [Auth] [Authenticator] No cached token found for Junior_00 (aa35297e424044cb8b676659959d35eb), requesting new token...
[2026-08-25 03:02:13.007] [info]  [Auth] [Authenticator] Connection opened for Junior_00 (aa35297e424044cb8b676659959d35eb)
[2026-08-25 03:02:13.050] [info]  [Auth] [Authenticator] Creating Minecraft session for Junior_00 (aa35297e424044cb8b676659959d35eb)...
[2026-08-25 03:02:13.423] [info]  [Auth] [Authenticator] Created Minecraft session for Junior_00 (aa35297e424044cb8b676659959d35eb)
[2026-08-25 03:02:13.662] [info]  [Auth] [Authenticator] Got Lunar Client Token for Junior_00 (aa35297e424044cb8b676659959d35eb)
[2026-08-25 03:02:13.788] [info]  [Auth] [Authenticator] Connection disconnected for Junior_00 (aa35297e424044cb8b676659959d35eb)
[2026-08-25 03:02:13.791] [info]  [Auth] [Authenticator] Code: 1000 - Reason: Issued.
[2026-08-25 04:08:34.619] [info]  [Auth] [Authenticator] Getting Lunar Client Token for Junior_00 (aa35297e424044cb8b676659959d35eb). Initiator is LAUNCHER_WEBSOCKET
[2026-08-25 04:08:34.670] [info]  [Auth] [Authenticator] No cached token found for Junior_00 (aa35297e424044cb8b676659959d35eb), requesting new token...
[2026-08-25 04:08:49.833] [warn]  [Auth] [Authenticator] Authentication timed out after 15 seconds for Junior_00 (aa35297e424044cb8b676659959d35eb)
[2026-08-25 04:08:49.837] [error] [Auth] [Authenticator] Connection error: WebSocket was closed before the connection was established
[2026-08-25 04:08:49.841] [info]  [Auth] [Authenticator] Connection disconnected for Junior_00 (aa35297e424044cb8b676659959d35eb)
[2026-08-25 04:08:49.843] [info]  [Auth] [Authenticator] Code: 1006 - Reason: 
[2026-08-25 23:33:11.510] [info]  [Electron] Logger initialized for auth at C:\Users\CARLOS_JR\.lunarclient\logs\launcher\auth.log (Prefix: Auth)
[2026-08-25 23:33:16.123] [info]  [Auth] Initializing authentication...
[2026-08-25 23:33:16.429] [info]  [Auth] Account Junior_00 is currently active
[2026-08-25 23:33:16.542] [info]  [Auth] Validating account Junior_00 owns Minecraft...
[2026-08-25 23:33:18.644] [info]  [Auth] Account Junior_00 successfully validated to own Minecraft, proceeding with profile retrieval...
[2026-08-25 23:33:19.334] [info]  [Auth] Successfully retrieved Minecraft profile for account Junior_00, checking multiplayer privileges...
[2026-08-25 23:33:19.336] [info]  [Auth] Successfully validated account Junior_00 owns Minecraft, checking banned status...
[2026-08-25 23:33:19.690] [info]  [Auth] Account Junior_00 has multiplayer access and is not banned, proceeding with login...
[2026-08-25 23:33:19.723] [info]  [Auth] [Authenticator] Getting Lunar Client Token for Junior_00 (aa35297e424044cb8b676659959d35eb). Initiator is LAUNCHER_WEBSOCKET
[2026-08-25 23:33:19.738] [info]  [Auth] [Authenticator] No cached token found for Junior_00 (aa35297e424044cb8b676659959d35eb), requesting new token...
[2026-08-25 23:33:19.855] [info]  [Auth] [Authenticator] Connection opened for Junior_00 (aa35297e424044cb8b676659959d35eb)
[2026-08-25 23:33:19.883] [info]  [Auth] [Authenticator] Creating Minecraft session for Junior_00 (aa35297e424044cb8b676659959d35eb)...
[2026-08-25 23:33:20.120] [info]  [Auth] [Authenticator] Created Minecraft session for Junior_00 (aa35297e424044cb8b676659959d35eb)
[2026-08-25 23:33:20.352] [info]  [Auth] [Authenticator] Got Lunar Client Token for Junior_00 (aa35297e424044cb8b676659959d35eb)
[2026-08-25 23:33:20.503] [info]  [Auth] [Authenticator] Connection disconnected for Junior_00 (aa35297e424044cb8b676659959d35eb)
[2026-08-25 23:33:20.505] [info]  [Auth] [Authenticator] Code: 1000 - Reason: Issued.
[2026-08-26 02:36:28.513] [info]  [Electron] Logger initialized for auth at C:\Users\CARLOS_JR\.lunarclient\logs\launcher\auth.log (Prefix: Auth)
[2026-08-26 02:36:32.671] [info]  [Auth] Initializing authentication...
[2026-08-26 02:36:32.907] [info]  [Auth] Account Junior_00 is currently active
[2026-08-26 02:36:32.981] [info]  [Auth] Validating account Junior_00 owns Minecraft...
[2026-08-26 02:36:34.585] [info]  [Auth] Account Junior_00 successfully validated to own Minecraft, proceeding with profile retrieval...
[2026-08-26 02:36:35.289] [info]  [Auth] Successfully retrieved Minecraft profile for account Junior_00, checking multiplayer privileges...
[2026-08-26 02:36:35.291] [info]  [Auth] Successfully validated account Junior_00 owns Minecraft, checking banned status...
[2026-08-26 02:36:35.293] [info]  [Auth] Account Junior_00 has multiplayer access and is not banned, proceeding with login...
[2026-08-26 02:36:35.314] [info]  [Auth] [Authenticator] Getting Lunar Client Token for Junior_00 (aa35297e424044cb8b676659959d35eb). Initiator is LAUNCHER_WEBSOCKET
[2026-08-26 02:36:35.317] [info]  [Auth] [Authenticator] No cached token found for Junior_00 (aa35297e424044cb8b676659959d35eb), requesting new token...
[2026-08-26 02:36:35.480] [info]  [Auth] [Authenticator] Connection opened for Junior_00 (aa35297e424044cb8b676659959d35eb)
[2026-08-26 02:36:35.521] [info]  [Auth] [Authenticator] Creating Minecraft session for Junior_00 (aa35297e424044cb8b676659959d35eb)...
[2026-08-26 02:36:35.954] [info]  [Auth] [Authenticator] Created Minecraft session for Junior_00 (aa35297e424044cb8b676659959d35eb)
[2026-08-26 02:36:36.237] [info]  [Auth] [Authenticator] Got Lunar Client Token for Junior_00 (aa35297e424044cb8b676659959d35eb)
[2026-08-26 02:36:36.346] [info]  [Auth] [Authenticator] Connection disconnected for Junior_00 (aa35297e424044cb8b676659959d35eb)
[2026-08-26 02:36:36.348] [info]  [Auth] [Authenticator] Code: 1000 - Reason: Issued.
[2026-08-26 03:02:17.159] [info]  [Auth] Initializing authentication...
[2026-08-26 03:02:17.186] [info]  [Auth] Account Junior_00 is currently active
[2026-08-26 03:02:17.207] [info]  [Auth] Validating account Junior_00 owns Minecraft...
[2026-08-26 03:02:17.239] [info]  [Auth] Refreshing profile for account Junior_00...
[2026-08-26 03:02:17.242] [info]  [Auth] Fetching new Minecraft access token using the refresh token...
[2026-08-26 03:02:20.204] [info]  [Auth] Minecraft login successful, profile refresh complete. Updating accounts file with new access token and expiry...
[2026-08-26 03:02:20.213] [info]  [Auth] Saving accounts file...
[2026-08-26 03:02:20.221] [info]  [Auth] Accounts file successfully updated with refreshed access token for account Junior_00.
[2026-08-26 03:02:20.553] [info]  [Auth] Account Junior_00 successfully validated to own Minecraft, proceeding with profile retrieval...
[2026-08-26 03:02:20.962] [info]  [Auth] Successfully retrieved Minecraft profile for account Junior_00, checking multiplayer privileges...
[2026-08-26 03:02:20.966] [info]  [Auth] Successfully validated account Junior_00 owns Minecraft, checking banned status...
[2026-08-26 03:02:20.969] [info]  [Auth] Account Junior_00 has multiplayer access and is not banned, proceeding with login...
[2026-08-26 03:02:21.293] [info]  [Auth] [Authenticator] Getting Lunar Client Token for Junior_00 (aa35297e424044cb8b676659959d35eb). Initiator is LAUNCHER_WEBSOCKET
[2026-08-26 03:02:21.301] [info]  [Auth] [Authenticator] Found cached token for Junior_00 (aa35297e424044cb8b676659959d35eb), reusing it.
[2026-08-26 12:18:41.579] [info]  [Auth] [Authenticator] Getting Lunar Client Token for Junior_00 (aa35297e424044cb8b676659959d35eb). Initiator is LAUNCHER_WEBSOCKET
[2026-08-26 12:18:41.584] [info]  [Auth] [Authenticator] No cached token found for Junior_00 (aa35297e424044cb8b676659959d35eb), requesting new token...
[2026-08-26 12:18:41.671] [error] [Auth] [Authenticator] Connection error: getaddrinfo ENOTFOUND authenticator.lunarclientprod.com
[2026-08-26 12:18:41.675] [info]  [Auth] [Authenticator] Connection disconnected for Junior_00 (aa35297e424044cb8b676659959d35eb)
[2026-08-26 12:18:41.678] [info]  [Auth] [Authenticator] Code: 1006 - Reason: 
[2026-08-26 12:19:09.948] [info]  [Auth] [Authenticator] Getting Lunar Client Token for Junior_00 (aa35297e424044cb8b676659959d35eb). Initiator is LAUNCHER_WEBSOCKET
[2026-08-26 12:19:09.951] [info]  [Auth] [Authenticator] No cached token found for Junior_00 (aa35297e424044cb8b676659959d35eb), requesting new token...
[2026-08-26 12:19:10.064] [info]  [Auth] [Authenticator] Connection opened for Junior_00 (aa35297e424044cb8b676659959d35eb)
[2026-08-26 12:19:10.117] [info]  [Auth] [Authenticator] Creating Minecraft session for Junior_00 (aa35297e424044cb8b676659959d35eb)...
[2026-08-26 12:19:10.498] [info]  [Auth] [Authenticator] Created Minecraft session for Junior_00 (aa35297e424044cb8b676659959d35eb)
[2026-08-26 12:19:10.703] [info]  [Auth] [Authenticator] Got Lunar Client Token for Junior_00 (aa35297e424044cb8b676659959d35eb)
[2026-08-26 12:19:10.989] [info]  [Auth] [Authenticator] Connection disconnected for Junior_00 (aa35297e424044cb8b676659959d35eb)
[2026-08-26 12:19:10.991] [info]  [Auth] [Authenticator] Code: 1000 - Reason: Issued.
[2026-08-26 16:16:02.606] [info]  [Auth] [Authenticator] Getting Lunar Client Token for Junior_00 (aa35297e424044cb8b676659959d35eb). Initiator is LAUNCHER_WEBSOCKET
[2026-08-26 16:16:02.610] [info]  [Auth] [Authenticator] No cached token found for Junior_00 (aa35297e424044cb8b676659959d35eb), requesting new token...
[2026-08-26 16:16:02.769] [info]  [Auth] [Authenticator] Connection opened for Junior_00 (aa35297e424044cb8b676659959d35eb)
[2026-08-26 16:16:02.815] [info]  [Auth] [Authenticator] Creating Minecraft session for Junior_00 (aa35297e424044cb8b676659959d35eb)...
[2026-08-26 16:16:03.365] [info]  [Auth] [Authenticator] Created Minecraft session for Junior_00 (aa35297e424044cb8b676659959d35eb)
[2026-08-26 16:16:03.638] [info]  [Auth] [Authenticator] Got Lunar Client Token for Junior_00 (aa35297e424044cb8b676659959d35eb)
[2026-08-26 16:16:03.755] [info]  [Auth] [Authenticator] Connection disconnected for Junior_00 (aa35297e424044cb8b676659959d35eb)
[2026-08-26 16:16:03.757] [info]  [Auth] [Authenticator] Code: 1000 - Reason: Issued.
[2026-08-26 16:36:54.805] [info]  [Auth] [Authenticator] Getting Lunar Client Token for Junior_00 (aa35297e424044cb8b676659959d35eb). Initiator is LAUNCHER_WEBSOCKET
[2026-08-26 16:36:54.808] [info]  [Auth] [Authenticator] Found cached token for Junior_00 (aa35297e424044cb8b676659959d35eb), reusing it.
[2026-08-26 22:45:37.505] [info]  [Electron] Logger initialized for auth at C:\Users\CARLOS_JR\.lunarclient\logs\launcher\auth.log (Prefix: Auth)
[2026-08-26 22:45:42.600] [info]  [Auth] Initializing authentication...
[2026-08-26 22:45:42.932] [info]  [Auth] Account Junior_00 is currently active
[2026-08-26 22:45:43.033] [info]  [Auth] Validating account Junior_00 owns Minecraft...
[2026-08-26 22:45:45.292] [info]  [Auth] Account Junior_00 successfully validated to own Minecraft, proceeding with profile retrieval...
[2026-08-26 22:45:46.604] [info]  [Auth] Successfully retrieved Minecraft profile for account Junior_00, checking multiplayer privileges...
[2026-08-26 22:45:46.607] [info]  [Auth] Successfully validated account Junior_00 owns Minecraft, checking banned status...
[2026-08-26 22:45:46.609] [info]  [Auth] Account Junior_00 has multiplayer access and is not banned, proceeding with login...
[2026-08-26 22:45:46.665] [info]  [Auth] [Authenticator] Getting Lunar Client Token for Junior_00 (aa35297e424044cb8b676659959d35eb). Initiator is LAUNCHER_WEBSOCKET
[2026-08-26 22:45:46.667] [info]  [Auth] [Authenticator] No cached token found for Junior_00 (aa35297e424044cb8b676659959d35eb), requesting new token...
[2026-08-26 22:45:47.109] [info]  [Auth] [Authenticator] Connection opened for Junior_00 (aa35297e424044cb8b676659959d35eb)
[2026-08-26 22:45:47.141] [info]  [Auth] [Authenticator] Creating Minecraft session for Junior_00 (aa35297e424044cb8b676659959d35eb)...
[2026-08-26 22:45:47.871] [info]  [Auth] [Authenticator] Created Minecraft session for Junior_00 (aa35297e424044cb8b676659959d35eb)
[2026-08-26 22:45:48.139] [info]  [Auth] [Authenticator] Got Lunar Client Token for Junior_00 (aa35297e424044cb8b676659959d35eb)
[2026-08-26 22:45:48.250] [info]  [Auth] [Authenticator] Connection disconnected for Junior_00 (aa35297e424044cb8b676659959d35eb)
[2026-08-26 22:45:48.252] [info]  [Auth] [Authenticator] Code: 1000 - Reason: Issued.
[2026-08-26 22:55:45.913] [info]  [Auth] [Authenticator] Getting Lunar Client Token for Junior_00 (aa35297e424044cb8b676659959d35eb). Initiator is LAUNCHER_WEBSOCKET
[2026-08-26 22:55:45.917] [info]  [Auth] [Authenticator] Found cached token for Junior_00 (aa35297e424044cb8b676659959d35eb), reusing it.
[2026-08-27 02:00:29.568] [info]  [Auth] Initializing authentication...
[2026-08-27 02:00:29.587] [info]  [Auth] Account Junior_00 is currently active
[2026-08-27 02:00:29.664] [info]  [Auth] Validating account Junior_00 owns Minecraft...
[2026-08-27 02:00:30.678] [info]  [Auth] Account Junior_00 successfully validated to own Minecraft, proceeding with profile retrieval...
[2026-08-27 02:00:31.415] [info]  [Auth] Successfully retrieved Minecraft profile for account Junior_00, checking multiplayer privileges...
[2026-08-27 02:00:31.417] [info]  [Auth] Successfully validated account Junior_00 owns Minecraft, checking banned status...
[2026-08-27 02:00:31.419] [info]  [Auth] Account Junior_00 has multiplayer access and is not banned, proceeding with login...
[2026-08-27 02:00:31.492] [info]  [Auth] [Authenticator] Getting Lunar Client Token for Junior_00 (aa35297e424044cb8b676659959d35eb). Initiator is LAUNCHER_WEBSOCKET
[2026-08-27 02:00:31.495] [info]  [Auth] [Authenticator] No cached token found for Junior_00 (aa35297e424044cb8b676659959d35eb), requesting new token...
[2026-08-27 02:00:31.704] [info]  [Auth] [Authenticator] Connection opened for Junior_00 (aa35297e424044cb8b676659959d35eb)
[2026-08-27 02:00:31.752] [info]  [Auth] [Authenticator] Creating Minecraft session for Junior_00 (aa35297e424044cb8b676659959d35eb)...
[2026-08-27 02:00:32.408] [info]  [Auth] [Authenticator] Created Minecraft session for Junior_00 (aa35297e424044cb8b676659959d35eb)
[2026-08-27 02:00:32.668] [info]  [Auth] [Authenticator] Got Lunar Client Token for Junior_00 (aa35297e424044cb8b676659959d35eb)
[2026-08-27 02:00:32.762] [info]  [Auth] [Authenticator] Connection disconnected for Junior_00 (aa35297e424044cb8b676659959d35eb)
[2026-08-27 02:00:32.764] [info]  [Auth] [Authenticator] Code: 1000 - Reason: Issued.
[2026-08-27 02:22:11.917] [info]  [Electron] Logger initialized for auth at C:\Users\CARLOS_JR\.lunarclient\logs\launcher\auth.log (Prefix: Auth)
[2026-08-27 02:22:14.474] [info]  [Auth] Initializing authentication...
[2026-08-27 02:22:14.743] [info]  [Auth] Account Junior_00 is currently active
[2026-08-27 02:22:14.839] [info]  [Auth] Validating account Junior_00 owns Minecraft...
[2026-08-27 02:22:16.738] [info]  [Auth] Account Junior_00 successfully validated to own Minecraft, proceeding with profile retrieval...
[2026-08-27 02:22:17.403] [info]  [Auth] Successfully retrieved Minecraft profile for account Junior_00, checking multiplayer privileges...
[2026-08-27 02:22:17.406] [info]  [Auth] Successfully validated account Junior_00 owns Minecraft, checking banned status...
[2026-08-27 02:22:17.408] [info]  [Auth] Account Junior_00 has multiplayer access and is not banned, proceeding with login...
[2026-08-27 02:22:17.432] [info]  [Auth] [Authenticator] Getting Lunar Client Token for Junior_00 (aa35297e424044cb8b676659959d35eb). Initiator is LAUNCHER_WEBSOCKET
[2026-08-27 02:22:17.435] [info]  [Auth] [Authenticator] No cached token found for Junior_00 (aa35297e424044cb8b676659959d35eb), requesting new token...
[2026-08-27 02:22:17.650] [info]  [Auth] [Authenticator] Connection opened for Junior_00 (aa35297e424044cb8b676659959d35eb)
[2026-08-27 02:22:17.713] [info]  [Auth] [Authenticator] Creating Minecraft session for Junior_00 (aa35297e424044cb8b676659959d35eb)...
[2026-08-27 02:22:18.781] [info]  [Auth] [Authenticator] Created Minecraft session for Junior_00 (aa35297e424044cb8b676659959d35eb)
[2026-08-27 02:22:19.000] [info]  [Auth] [Authenticator] Got Lunar Client Token for Junior_00 (aa35297e424044cb8b676659959d35eb)
[2026-08-27 02:22:21.561] [info]  [Auth] [Authenticator] Connection disconnected for Junior_00 (aa35297e424044cb8b676659959d35eb)
[2026-08-27 02:22:21.564] [info]  [Auth] [Authenticator] Code: 1000 - Reason: Issued.
[2026-08-27 02:24:54.771] [info]  [Auth] Initializing authentication...
[2026-08-27 02:24:54.781] [info]  [Auth] Account Junior_00 is currently active
[2026-08-27 02:24:54.801] [info]  [Auth] Validating account Junior_00 owns Minecraft...
[2026-08-27 02:47:16.685] [info]  [Auth] Initializing authentication...
[2026-08-27 02:47:16.830] [info]  [Auth] Account Junior_00 is currently active
[2026-08-27 02:47:16.840] [info]  [Auth] Validating account Junior_00 owns Minecraft...
[2026-08-27 02:47:18.082] [info]  [Auth] Account Junior_00 successfully validated to own Minecraft, proceeding with profile retrieval...
[2026-08-27 02:47:18.763] [info]  [Auth] Successfully retrieved Minecraft profile for account Junior_00, checking multiplayer privileges...
[2026-08-27 02:47:18.765] [info]  [Auth] Successfully validated account Junior_00 owns Minecraft, checking banned status...
[2026-08-27 02:47:18.768] [info]  [Auth] Account Junior_00 has multiplayer access and is not banned, proceeding with login...
[2026-08-27 02:47:18.856] [info]  [Auth] [Authenticator] Getting Lunar Client Token for Junior_00 (aa35297e424044cb8b676659959d35eb). Initiator is LAUNCHER_WEBSOCKET
[2026-08-27 02:47:18.862] [info]  [Auth] [Authenticator] Found cached token for Junior_00 (aa35297e424044cb8b676659959d35eb), reusing it.
[2026-08-27 12:20:33.355] [info]  [Electron] Logger initialized for auth at C:\Users\CARLOS_JR\.lunarclient\logs\launcher\auth.log (Prefix: Auth)
[2026-08-27 12:20:35.271] [info]  [Auth] Initializing authentication...
[2026-08-27 12:20:35.525] [info]  [Auth] Account Junior_00 is currently active
[2026-08-27 12:20:35.630] [info]  [Auth] Validating account Junior_00 owns Minecraft...
[2026-08-27 12:20:35.633] [info]  [Auth] Refreshing profile for account Junior_00...
[2026-08-27 12:20:35.636] [info]  [Auth] Fetching new Minecraft access token using the refresh token...
[2026-08-27 12:20:39.314] [info]  [Auth] Minecraft login successful, profile refresh complete. Updating accounts file with new access token and expiry...
[2026-08-27 12:20:39.318] [info]  [Auth] Saving accounts file...
[2026-08-27 12:20:39.323] [info]  [Auth] Accounts file successfully updated with refreshed access token for account Junior_00.
[2026-08-27 12:20:39.732] [info]  [Auth] Account Junior_00 successfully validated to own Minecraft, proceeding with profile retrieval...
[2026-08-27 12:20:40.074] [info]  [Auth] Successfully retrieved Minecraft profile for account Junior_00, checking multiplayer privileges...
[2026-08-27 12:20:40.076] [info]  [Auth] Successfully validated account Junior_00 owns Minecraft, checking banned status...
[2026-08-27 12:20:40.078] [info]  [Auth] Account Junior_00 has multiplayer access and is not banned, proceeding with login...
[2026-08-27 12:20:40.125] [info]  [Auth] [Authenticator] Getting Lunar Client Token for Junior_00 (aa35297e424044cb8b676659959d35eb). Initiator is LAUNCHER_WEBSOCKET
[2026-08-27 12:20:40.128] [info]  [Auth] [Authenticator] No cached token found for Junior_00 (aa35297e424044cb8b676659959d35eb), requesting new token...
[2026-08-27 12:20:40.277] [info]  [Auth] [Authenticator] Connection opened for Junior_00 (aa35297e424044cb8b676659959d35eb)
[2026-08-27 12:20:40.309] [info]  [Auth] [Authenticator] Creating Minecraft session for Junior_00 (aa35297e424044cb8b676659959d35eb)...
[2026-08-27 12:20:40.826] [info]  [Auth] [Authenticator] Created Minecraft session for Junior_00 (aa35297e424044cb8b676659959d35eb)
[2026-08-27 12:20:41.083] [info]  [Auth] [Authenticator] Got Lunar Client Token for Junior_00 (aa35297e424044cb8b676659959d35eb)
[2026-08-27 12:20:41.236] [info]  [Auth] [Authenticator] Connection disconnected for Junior_00 (aa35297e424044cb8b676659959d35eb)
[2026-08-27 12:20:41.238] [info]  [Auth] [Authenticator] Code: 1000 - Reason: Issued.
[2026-08-27 12:40:47.262] [info]  [Auth] Initializing authentication...
[2026-08-27 12:40:47.440] [info]  [Auth] Account Junior_00 is currently active
[2026-08-27 12:40:47.464] [info]  [Auth] Validating account Junior_00 owns Minecraft...
[2026-08-27 12:40:49.297] [info]  [Auth] Account Junior_00 successfully validated to own Minecraft, proceeding with profile retrieval...
[2026-08-27 12:40:50.524] [info]  [Auth] Successfully retrieved Minecraft profile for account Junior_00, checking multiplayer privileges...
[2026-08-27 12:40:50.528] [info]  [Auth] Successfully validated account Junior_00 owns Minecraft, checking banned status...
[2026-08-27 12:40:50.533] [info]  [Auth] Account Junior_00 has multiplayer access and is not banned, proceeding with login...
[2026-08-27 12:40:50.773] [info]  [Auth] [Authenticator] Getting Lunar Client Token for Junior_00 (aa35297e424044cb8b676659959d35eb). Initiator is LAUNCHER_WEBSOCKET
[2026-08-27 12:40:50.776] [info]  [Auth] [Authenticator] Found cached token for Junior_00 (aa35297e424044cb8b676659959d35eb), reusing it.
[2026-08-27 13:24:06.184] [info]  [Electron] Logger initialized for auth at C:\Users\CARLOS_JR\.lunarclient\logs\launcher\auth.log (Prefix: Auth)
[2026-08-27 14:01:12.341] [info]  [Electron] Logger initialized for auth at C:\Users\CARLOS_JR\.lunarclient\logs\launcher\auth.log (Prefix: Auth)
[2026-08-27 15:20:05.543] [info]  [Auth] [Authenticator] Getting Lunar Client Token for Junior_00 (aa35297e424044cb8b676659959d35eb). Initiator is LAUNCHER_WEBSOCKET
[2026-08-27 15:20:05.546] [info]  [Auth] [Authenticator] No cached token found for Junior_00 (aa35297e424044cb8b676659959d35eb), requesting new token...
[2026-08-27 15:20:05.674] [info]  [Auth] [Authenticator] Connection opened for Junior_00 (aa35297e424044cb8b676659959d35eb)
[2026-08-27 15:20:05.729] [info]  [Auth] [Authenticator] Creating Minecraft session for Junior_00 (aa35297e424044cb8b676659959d35eb)...
[2026-08-27 15:20:06.093] [info]  [Auth] [Authenticator] Created Minecraft session for Junior_00 (aa35297e424044cb8b676659959d35eb)
[2026-08-27 15:20:06.317] [info]  [Auth] [Authenticator] Got Lunar Client Token for Junior_00 (aa35297e424044cb8b676659959d35eb)
[2026-08-27 15:20:06.428] [info]  [Auth] [Authenticator] Connection disconnected for Junior_00 (aa35297e424044cb8b676659959d35eb)
[2026-08-27 15:20:06.431] [info]  [Auth] [Authenticator] Code: 1000 - Reason: Issued.
[2026-08-27 18:24:06.566] [info]  [Auth] [Authenticator] Getting Lunar Client Token for Junior_00 (aa35297e424044cb8b676659959d35eb). Initiator is LAUNCHER_WEBSOCKET
[2026-08-27 18:24:06.569] [info]  [Auth] [Authenticator] No cached token found for Junior_00 (aa35297e424044cb8b676659959d35eb), requesting new token...
[2026-08-27 18:24:06.673] [info]  [Auth] [Authenticator] Connection opened for Junior_00 (aa35297e424044cb8b676659959d35eb)
[2026-08-27 18:24:06.709] [info]  [Auth] [Authenticator] Creating Minecraft session for Junior_00 (aa35297e424044cb8b676659959d35eb)...
[2026-08-27 18:24:07.088] [info]  [Auth] [Authenticator] Created Minecraft session for Junior_00 (aa35297e424044cb8b676659959d35eb)
[2026-08-27 18:24:07.317] [info]  [Auth] [Authenticator] Got Lunar Client Token for Junior_00 (aa35297e424044cb8b676659959d35eb)
[2026-08-27 18:24:07.375] [info]  [Auth] [Authenticator] Connection disconnected for Junior_00 (aa35297e424044cb8b676659959d35eb)
[2026-08-27 18:24:07.377] [info]  [Auth] [Authenticator] Code: 1000 - Reason: Issued.
[2026-08-27 18:43:24.611] [info]  [Auth] [Authenticator] Getting Lunar Client Token for Junior_00 (aa35297e424044cb8b676659959d35eb). Initiator is LAUNCHER_WEBSOCKET
[2026-08-27 18:43:24.615] [info]  [Auth] [Authenticator] Found cached token for Junior_00 (aa35297e424044cb8b676659959d35eb), reusing it.
[2026-08-27 21:13:49.268] [info]  [Electron] Logger initialized for auth at C:\Users\CARLOS_JR\.lunarclient\logs\launcher\auth.log (Prefix: Auth)
[2026-08-27 21:13:50.908] [info]  [Auth] Initializing authentication...
[2026-08-27 21:13:51.685] [info]  [Auth] Account Junior_00 is currently active
[2026-08-27 21:13:51.761] [info]  [Auth] Validating account Junior_00 owns Minecraft...
[2026-08-27 21:13:52.659] [info]  [Auth] Account Junior_00 successfully validated to own Minecraft, proceeding with profile retrieval...
[2026-08-27 21:13:53.193] [info]  [Auth] Successfully retrieved Minecraft profile for account Junior_00, checking multiplayer privileges...
[2026-08-27 21:13:53.195] [info]  [Auth] Successfully validated account Junior_00 owns Minecraft, checking banned status...
[2026-08-27 21:13:53.197] [info]  [Auth] Account Junior_00 has multiplayer access and is not banned, proceeding with login...
[2026-08-27 21:13:53.222] [info]  [Auth] [Authenticator] Getting Lunar Client Token for Junior_00 (aa35297e424044cb8b676659959d35eb). Initiator is LAUNCHER_WEBSOCKET
[2026-08-27 21:13:53.224] [info]  [Auth] [Authenticator] No cached token found for Junior_00 (aa35297e424044cb8b676659959d35eb), requesting new token...
[2026-08-27 21:13:53.336] [info]  [Auth] [Authenticator] Connection opened for Junior_00 (aa35297e424044cb8b676659959d35eb)
[2026-08-27 21:13:53.365] [info]  [Auth] [Authenticator] Creating Minecraft session for Junior_00 (aa35297e424044cb8b676659959d35eb)...
[2026-08-27 21:13:53.710] [info]  [Auth] [Authenticator] Created Minecraft session for Junior_00 (aa35297e424044cb8b676659959d35eb)
[2026-08-27 21:13:53.939] [info]  [Auth] [Authenticator] Got Lunar Client Token for Junior_00 (aa35297e424044cb8b676659959d35eb)
[2026-08-27 21:13:54.096] [info]  [Auth] [Authenticator] Connection disconnected for Junior_00 (aa35297e424044cb8b676659959d35eb)
[2026-08-27 21:13:54.098] [info]  [Auth] [Authenticator] Code: 1000 - Reason: Issued.
[2026-08-27 23:21:16.000] [info]  [Electron] Logger initialized for auth at C:\Users\CARLOS_JR\.lunarclient\logs\launcher\auth.log (Prefix: Auth)
[2026-08-29 14:01:04.215] [info]  [Electron] Logger initialized for auth at C:\Users\CARLOS_JR\.lunarclient\logs\launcher\auth.log (Prefix: Auth)
[2026-08-29 14:01:07.232] [info]  [Auth] Initializing authentication...
[2026-08-29 14:01:07.515] [info]  [Auth] Account Junior_00 is currently active
[2026-08-29 14:01:08.435] [info]  [Auth] Validating account Junior_00 owns Minecraft...
[2026-08-29 14:01:08.438] [info]  [Auth] Refreshing profile for account Junior_00...
[2026-08-29 14:01:08.440] [info]  [Auth] Fetching new Minecraft access token using the refresh token...
[2026-08-29 14:01:15.202] [info]  [Auth] Minecraft login successful, profile refresh complete. Updating accounts file with new access token and expiry...
[2026-08-29 14:01:15.234] [info]  [Auth] Saving accounts file...
[2026-08-29 14:01:15.238] [info]  [Auth] Accounts file successfully updated with refreshed access token for account Junior_00.
[2026-08-29 14:01:15.570] [info]  [Auth] Account Junior_00 successfully validated to own Minecraft, proceeding with profile retrieval...
[2026-08-29 14:01:15.903] [info]  [Auth] Successfully retrieved Minecraft profile for account Junior_00, checking multiplayer privileges...
[2026-08-29 14:01:15.906] [info]  [Auth] Successfully validated account Junior_00 owns Minecraft, checking banned status...
[2026-08-29 14:01:15.908] [info]  [Auth] Account Junior_00 has multiplayer access and is not banned, proceeding with login...
[2026-08-29 14:01:15.927] [info]  [Auth] [Authenticator] Getting Lunar Client Token for Junior_00 (aa35297e424044cb8b676659959d35eb). Initiator is LAUNCHER_WEBSOCKET
[2026-08-29 14:01:15.929] [info]  [Auth] [Authenticator] No cached token found for Junior_00 (aa35297e424044cb8b676659959d35eb), requesting new token...
[2026-08-29 14:01:16.074] [info]  [Auth] [Authenticator] Connection opened for Junior_00 (aa35297e424044cb8b676659959d35eb)
[2026-08-29 14:01:16.132] [info]  [Auth] [Authenticator] Creating Minecraft session for Junior_00 (aa35297e424044cb8b676659959d35eb)...
[2026-08-29 14:01:16.569] [info]  [Auth] [Authenticator] Created Minecraft session for Junior_00 (aa35297e424044cb8b676659959d35eb)
[2026-08-29 14:01:16.815] [info]  [Auth] [Authenticator] Got Lunar Client Token for Junior_00 (aa35297e424044cb8b676659959d35eb)
[2026-08-29 14:01:16.947] [info]  [Auth] [Authenticator] Connection disconnected for Junior_00 (aa35297e424044cb8b676659959d35eb)
[2026-08-29 14:01:16.949] [info]  [Auth] [Authenticator] Code: 1000 - Reason: Issued.
[2026-08-29 21:14:45.711] [info]  [Electron] Logger initialized for auth at C:\Users\CARLOS_JR\.lunarclient\logs\launcher\auth.log (Prefix: Auth)
[2026-08-29 21:14:48.287] [info]  [Auth] Initializing authentication...
[2026-08-29 21:14:48.626] [info]  [Auth] Account Junior_00 is currently active
[2026-08-29 21:14:49.580] [info]  [Auth] Validating account Junior_00 owns Minecraft...
[2026-08-29 21:14:50.514] [info]  [Auth] Account Junior_00 successfully validated to own Minecraft, proceeding with profile retrieval...
[2026-08-29 21:14:51.055] [info]  [Auth] Successfully retrieved Minecraft profile for account Junior_00, checking multiplayer privileges...
[2026-08-29 21:14:51.057] [info]  [Auth] Successfully validated account Junior_00 owns Minecraft, checking banned status...
[2026-08-29 21:14:51.059] [info]  [Auth] Account Junior_00 has multiplayer access and is not banned, proceeding with login...
[2026-08-29 21:14:51.075] [info]  [Auth] [Authenticator] Getting Lunar Client Token for Junior_00 (aa35297e424044cb8b676659959d35eb). Initiator is LAUNCHER_WEBSOCKET
[2026-08-29 21:14:51.077] [info]  [Auth] [Authenticator] No cached token found for Junior_00 (aa35297e424044cb8b676659959d35eb), requesting new token...
[2026-08-29 21:14:51.181] [info]  [Auth] [Authenticator] Connection opened for Junior_00 (aa35297e424044cb8b676659959d35eb)
[2026-08-29 21:14:51.216] [info]  [Auth] [Authenticator] Creating Minecraft session for Junior_00 (aa35297e424044cb8b676659959d35eb)...
[2026-08-29 21:14:51.552] [info]  [Auth] [Authenticator] Created Minecraft session for Junior_00 (aa35297e424044cb8b676659959d35eb)
[2026-08-29 21:14:51.922] [info]  [Auth] [Authenticator] Got Lunar Client Token for Junior_00 (aa35297e424044cb8b676659959d35eb)
[2026-08-29 21:14:52.058] [info]  [Auth] [Authenticator] Connection disconnected for Junior_00 (aa35297e424044cb8b676659959d35eb)
[2026-08-29 21:14:52.060] [info]  [Auth] [Authenticator] Code: 1000 - Reason: Issued.
[2026-08-30 01:28:53.936] [info]  [Electron] Logger initialized for auth at C:\Users\CARLOS_JR\.lunarclient\logs\launcher\auth.log (Prefix: Auth)
