[2026-08-24 03:27:21.881] [info]  [Electron] Logger initialized for overwolf at C:\Users\CARLOS_JR\.lunarclient\logs\launcher\overwolf.log (Prefix: Overwolf)
[2026-08-24 03:28:03.540] [info]  [Overwolf] Set cached OWAEH in Overwolf registry for aa35297e424044cb8b676659959d35eb
[2026-08-24 03:28:07.301] [info]  [Overwolf] Received ready signal for overlay v2.0.9
[2026-08-24 03:28:07.511] [info]  [Overwolf] Received ready signal for crn v279.0.3
[2026-08-24 03:33:02.606] [info]  [Overwolf] [Overlay] Game launched, skipping injection because the feature is currently disabled
[2026-08-24 03:33:03.546] [info]  [Overwolf] [CRN] 'before-notification' event was fired
[2026-08-24 04:49:07.794] [info]  [Overwolf] [Overlay] Game launched, skipping injection because the feature is currently disabled
[2026-08-24 04:49:08.508] [info]  [Overwolf] [CRN] 'before-notification' event was fired
[2026-08-24 16:18:36.097] [info]  [Electron] Logger initialized for overwolf at C:\Users\CARLOS_JR\.lunarclient\logs\launcher\overwolf.log (Prefix: Overwolf)
[2026-08-24 16:18:38.756] [info]  [Overwolf] Set cached OWAEH in Overwolf registry for aa35297e424044cb8b676659959d35eb
[2026-08-24 16:18:40.634] [info]  [Overwolf] Received ready signal for overlay v2.0.9
[2026-08-24 16:18:40.715] [info]  [Overwolf] Received ready signal for crn v279.0.3
[2026-08-24 16:23:14.343] [info]  [Overwolf] [Overlay] Game launched, skipping injection because the feature is currently disabled
[2026-08-24 16:23:15.482] [info]  [Overwolf] [CRN] 'before-notification' event was fired
[2026-08-25 00:11:29.146] [info]  [Electron] Logger initialized for overwolf at C:\Users\CARLOS_JR\.lunarclient\logs\launcher\overwolf.log (Prefix: Overwolf)
[2026-08-25 00:11:33.660] [info]  [Overwolf] Set cached OWAEH in Overwolf registry for aa35297e424044cb8b676659959d35eb
[2026-08-25 00:11:36.610] [info]  [Overwolf] Received ready signal for overlay v2.0.9
[2026-08-25 00:11:36.878] [info]  [Overwolf] Received ready signal for crn v279.0.3
[2026-08-25 00:11:43.879] [info]  [Overwolf] [Overlay] Game launched, skipping injection because the feature is currently disabled
[2026-08-25 00:12:36.280] [info]  [Overwolf] [CRN] 'before-notification' event was fired
[2026-08-25 03:02:12.816] [info]  [Overwolf] Set cached OWAEH in Overwolf registry for aa35297e424044cb8b676659959d35eb
[2026-08-25 23:33:16.110] [info]  [Electron] Logger initialized for overwolf at C:\Users\CARLOS_JR\.lunarclient\logs\launcher\overwolf.log (Prefix: Overwolf)
[2026-08-25 23:33:19.710] [info]  [Overwolf] Set cached OWAEH in Overwolf registry for aa35297e424044cb8b676659959d35eb
[2026-08-25 23:33:22.130] [info]  [Overwolf] Received ready signal for overlay v2.0.9
[2026-08-25 23:33:24.960] [info]  [Overwolf] Received ready signal for crn v279.0.3
[2026-08-25 23:37:40.521] [info]  [Overwolf] [Overlay] Game launched, skipping injection because the feature is currently disabled
[2026-08-25 23:37:41.678] [info]  [Overwolf] [CRN] 'before-notification' event was fired
[2026-08-26 02:36:32.662] [info]  [Electron] Logger initialized for overwolf at C:\Users\CARLOS_JR\.lunarclient\logs\launcher\overwolf.log (Prefix: Overwolf)
[2026-08-26 02:36:35.308] [info]  [Overwolf] Set cached OWAEH in Overwolf registry for aa35297e424044cb8b676659959d35eb
[2026-08-26 02:36:44.108] [info]  [Overwolf] Received ready signal for overlay v2.0.10
[2026-08-26 02:36:44.426] [info]  [Overwolf] Received ready signal for crn v279.0.3
[2026-08-26 02:40:33.716] [info]  [Overwolf] [Overlay] Game launched, skipping injection because the feature is currently disabled
[2026-08-26 02:40:34.552] [info]  [Overwolf] [CRN] 'before-notification' event was fired
[2026-08-26 03:02:21.153] [info]  [Overwolf] Set cached OWAEH in Overwolf registry for aa35297e424044cb8b676659959d35eb
[2026-08-26 22:45:42.583] [info]  [Electron] Logger initialized for overwolf at C:\Users\CARLOS_JR\.lunarclient\logs\launcher\overwolf.log (Prefix: Overwolf)
[2026-08-26 22:45:46.657] [info]  [Overwolf] Set cached OWAEH in Overwolf registry for aa35297e424044cb8b676659959d35eb
[2026-08-26 22:45:49.752] [info]  [Overwolf] Received ready signal for overlay v2.0.10
[2026-08-26 22:45:49.899] [info]  [Overwolf] Received ready signal for crn v279.0.3
[2026-08-26 22:50:21.054] [info]  [Overwolf] [Overlay] Game launched, skipping injection because the feature is currently disabled
[2026-08-26 22:50:22.122] [info]  [Overwolf] [CRN] 'before-notification' event was fired
[2026-08-27 02:00:31.474] [info]  [Overwolf] Set cached OWAEH in Overwolf registry for aa35297e424044cb8b676659959d35eb
[2026-08-27 02:22:14.463] [info]  [Electron] Logger initialized for overwolf at C:\Users\CARLOS_JR\.lunarclient\logs\launcher\overwolf.log (Prefix: Overwolf)
[2026-08-27 02:22:17.424] [info]  [Overwolf] Set cached OWAEH in Overwolf registry for aa35297e424044cb8b676659959d35eb
[2026-08-27 02:22:19.184] [info]  [Overwolf] Received ready signal for overlay v2.0.10
[2026-08-27 02:22:21.528] [info]  [Overwolf] Received ready signal for crn v279.0.3
[2026-08-27 02:28:24.984] [info]  [Overwolf] [Overlay] Game launched, skipping injection because the feature is currently disabled
[2026-08-27 02:28:25.978] [info]  [Overwolf] [CRN] 'before-notification' event was fired
[2026-08-27 02:47:18.837] [info]  [Overwolf] Set cached OWAEH in Overwolf registry for aa35297e424044cb8b676659959d35eb
[2026-08-27 12:20:35.261] [info]  [Electron] Logger initialized for overwolf at C:\Users\CARLOS_JR\.lunarclient\logs\launcher\overwolf.log (Prefix: Overwolf)
[2026-08-27 12:20:39.837] [info]  [Overwolf] Received ready signal for overlay v2.0.10
[2026-08-27 12:20:40.055] [info]  [Overwolf] Received ready signal for crn v279.0.3
[2026-08-27 12:20:40.095] [info]  [Overwolf] Set cached OWAEH in Overwolf registry for aa35297e424044cb8b676659959d35eb
[2026-08-27 12:28:36.968] [info]  [Overwolf] [Overlay] Game launched, skipping injection because the feature is currently disabled
[2026-08-27 12:28:38.614] [info]  [Overwolf] [CRN] 'before-notification' event was fired
[2026-08-27 12:40:50.659] [info]  [Overwolf] Set cached OWAEH in Overwolf registry for aa35297e424044cb8b676659959d35eb
[2026-08-27 13:26:21.884] [info]  [Overwolf] [Overlay] Game launched, skipping injection because the feature is currently disabled
[2026-08-27 13:26:23.004] [info]  [Overwolf] [CRN] 'before-notification' event was fired
[2026-08-27 13:57:45.779] [info]  [Overwolf] [Overlay] Game launched, skipping injection because the feature is currently disabled
[2026-08-27 13:57:48.529] [info]  [Overwolf] [CRN] 'before-notification' event was fired
[2026-08-27 13:59:57.472] [info]  [Overwolf] [Overlay] Game launched, skipping injection because the feature is currently disabled
[2026-08-27 13:59:58.133] [info]  [Overwolf] [CRN] 'before-notification' event was fired
[2026-08-27 14:04:01.922] [info]  [Overwolf] [Overlay] Game launched, skipping injection because the feature is currently disabled
[2026-08-27 14:04:02.613] [info]  [Overwolf] [CRN] 'before-notification' event was fired
[2026-08-27 14:05:09.333] [info]  [Overwolf] [Overlay] Game launched, skipping injection because the feature is currently disabled
[2026-08-27 14:05:10.539] [info]  [Overwolf] [CRN] 'before-notification' event was fired
[2026-08-27 14:34:59.833] [info]  [Overwolf] [Overlay] Game launched, skipping injection because the feature is currently disabled
[2026-08-27 14:35:00.858] [info]  [Overwolf] [CRN] 'before-notification' event was fired
[2026-08-27 18:46:51.950] [info]  [Overwolf] [Overlay] Game launched, skipping injection because the feature is currently disabled
[2026-08-27 18:46:54.990] [info]  [Overwolf] [CRN] 'before-notification' event was fired
[2026-08-27 18:55:59.346] [info]  [Overwolf] [Overlay] Game launched, skipping injection because the feature is currently disabled
[2026-08-27 18:56:00.046] [info]  [Overwolf] [CRN] 'before-notification' event was fired
[2026-08-27 19:11:35.825] [info]  [Overwolf] [Overlay] Game launched, skipping injection because the feature is currently disabled
[2026-08-27 19:11:36.555] [info]  [Overwolf] [CRN] 'before-notification' event was fired
[2026-08-27 19:15:15.269] [info]  [Overwolf] [Overlay] Game launched, skipping injection because the feature is currently disabled
[2026-08-27 19:15:16.023] [info]  [Overwolf] [CRN] 'before-notification' event was fired
[2026-08-27 19:30:46.159] [info]  [Overwolf] [Overlay] Game launched, skipping injection because the feature is currently disabled
[2026-08-27 19:30:47.255] [info]  [Overwolf] [CRN] 'before-notification' event was fired
[2026-08-27 21:13:50.899] [info]  [Electron] Logger initialized for overwolf at C:\Users\CARLOS_JR\.lunarclient\logs\launcher\overwolf.log (Prefix: Overwolf)
[2026-08-27 21:13:53.213] [info]  [Overwolf] Set cached OWAEH in Overwolf registry for aa35297e424044cb8b676659959d35eb
[2026-08-27 21:13:54.814] [info]  [Overwolf] Received ready signal for overlay v2.0.10
[2026-08-27 21:13:55.053] [info]  [Overwolf] Received ready signal for crn v279.0.3
[2026-08-27 21:17:07.546] [info]  [Overwolf] [Overlay] Game launched, skipping injection because the feature is currently disabled
[2026-08-27 21:17:08.323] [info]  [Overwolf] [CRN] 'before-notification' event was fired
[2026-08-27 23:39:56.109] [info]  [Overwolf] [Overlay] Game launched, skipping injection because the feature is currently disabled
[2026-08-27 23:39:56.865] [info]  [Overwolf] [CRN] 'before-notification' event was fired
[2026-08-29 14:01:07.222] [info]  [Electron] Logger initialized for overwolf at C:\Users\CARLOS_JR\.lunarclient\logs\launcher\overwolf.log (Prefix: Overwolf)
[2026-08-29 14:01:15.137] [info]  [Overwolf] Received ready signal for overlay v2.0.10
[2026-08-29 14:01:15.152] [info]  [Overwolf] Received ready signal for crn v279.0.3
[2026-08-29 21:14:48.276] [info]  [Electron] Logger initialized for overwolf at C:\Users\CARLOS_JR\.lunarclient\logs\launcher\overwolf.log (Prefix: Overwolf)
[2026-08-29 21:14:53.206] [info]  [Overwolf] Received ready signal for overlay v2.0.10
[2026-08-29 21:14:53.472] [info]  [Overwolf] Received ready signal for crn v279.0.3
[2026-08-29 23:38:53.539] [info]  [Overwolf] [Overlay] Game launched, skipping injection because the feature is currently disabled
[2026-08-29 23:38:58.001] [info]  [Overwolf] [CRN] 'before-notification' event was fired
