[21:16:30.709][INFO][CraftTweaker-EarlyInit]: CraftTweaker is running on a Minecraft 1.21.1 production client modded with platform Fabric
[21:16:30.734][INFO][CraftTweaker-EarlyInit]: Successfully injected RecipeFS file system
[21:16:47.977][INFO][CraftTweaker-Plugins]: Successfully identified and loaded plugin jeitweaker:common
[21:16:47.978][INFO][CraftTweaker-Plugins]: Successfully identified and loaded plugin crafttweaker:fabric
[21:16:47.999][INFO][CraftTweaker-Plugins]: Successfully identified and loaded plugin crafttweaker:compatibility
[21:16:48.000][INFO][CraftTweaker-Plugins]: Successfully identified and loaded plugin crafttweaker:common
[21:16:48.028][INFO][JEITweaker]: Identified JeiTweaker plugin 'jeitweaker:fabric': loading scheduled
[21:16:48.028][INFO][JEITweaker]: Identified JeiTweaker plugin 'jeitweaker:common': loading scheduled
[21:16:48.034][INFO][JEITweaker]: JEITweaker Environmental Check: the combination of mods [jei] is fully supported
[21:16:48.034][INFO][JEITweaker]: Running JeiTweaker plugin initialization
[21:16:48.048][INFO][JEITweaker]: JeiTweaker plugin initialization completed successfully
[21:16:49.465][INFO][CraftTweaker]: The following mods have explicit CraftTweaker support, provided through the CraftTweaker compatibility plugin:
[21:16:49.468][INFO][CraftTweaker]: - 'crafttweaker' version '21.0.38'
[21:16:49.468][INFO][CraftTweaker]: - 'jeitweaker' version '8.0'
[21:16:50.480][INFO][CraftTweaker-ZenCode]: Started loading scripts for loader 'initialize'
[21:16:51.638][INFO][CraftTweaker-ZenCode]: Compiling and executing scripts
[21:16:51.786][INFO][CraftTweaker-ZenCode]: Successfully initialized modules [crafttweaker, expansions]
[21:16:52.046][INFO][CraftTweaker-ZenCode]: Execution for loader 'initialize' completed successfully
[21:20:41.436][INFO][CraftTweaker-ZenCode]: Started loading scripts for loader 'crafttweaker'
[21:20:41.522][INFO][CraftTweaker-ZenCode]: Compiling and executing scripts
[21:20:42.613][INFO][CraftTweaker-ZenCode]: Successfully initialized modules [mods, vanilla/api/network/NetworkContext, vanilla/api/network/NetworkReceiver, crafttweaker, expansions]
[21:20:42.614][INFO][CraftTweaker-ZenCode]: Loading file 'ocultar_jei.zs' with priority 0
[21:20:42.733][INFO][JEITweaker]: Hiding ingredient <item:cobblemon:ability_shield> from JEI
[21:20:42.736][INFO][JEITweaker]: Hiding ingredient <item:cobblemon:air_balloon> from JEI
[21:20:42.737][INFO][JEITweaker]: Hiding ingredient <item:cobblemon:assault_vest> from JEI
[21:20:42.737][INFO][JEITweaker]: Hiding ingredient <item:cobblemon:binding_band> from JEI
[21:20:42.737][INFO][JEITweaker]: Hiding ingredient <item:cobblemon:black_belt> from JEI
[21:20:42.737][INFO][JEITweaker]: Hiding ingredient <item:cobblemon:black_glasses> from JEI
[21:20:42.737][INFO][JEITweaker]: Hiding ingredient <item:cobblemon:blunder_policy> from JEI
[21:20:42.737][INFO][JEITweaker]: Hiding ingredient <item:cobblemon:bright_powder> from JEI
[21:20:42.737][INFO][JEITweaker]: Hiding ingredient <item:cobblemon:cell_battery> from JEI
[21:20:42.737][INFO][JEITweaker]: Hiding ingredient <item:cobblemon:charcoal_stick> from JEI
[21:20:42.737][INFO][JEITweaker]: Hiding ingredient <item:cobblemon:choice_band> from JEI
[21:20:42.737][INFO][JEITweaker]: Hiding ingredient <item:cobblemon:choice_scarf> from JEI
[21:20:42.737][INFO][JEITweaker]: Hiding ingredient <item:cobblemon:choice_specs> from JEI
[21:20:42.737][INFO][JEITweaker]: Hiding ingredient <item:cobblemon:cleanse_tag> from JEI
[21:20:42.737][INFO][JEITweaker]: Hiding ingredient <item:cobblemon:clear_amulet> from JEI
[21:20:42.737][INFO][JEITweaker]: Hiding ingredient <item:cobblemon:covert_cloak> from JEI
[21:20:42.737][INFO][JEITweaker]: Hiding ingredient <item:cobblemon:damp_rock> from JEI
[21:20:42.737][INFO][JEITweaker]: Hiding ingredient <item:cobblemon:destiny_knot> from JEI
[21:20:42.738][INFO][JEITweaker]: Hiding ingredient <item:cobblemon:dragon_fang> from JEI
[21:20:42.738][INFO][JEITweaker]: Hiding ingredient <item:cobblemon:eject_button> from JEI
[21:20:42.738][INFO][JEITweaker]: Hiding ingredient <item:cobblemon:eviolite> from JEI
[21:20:42.739][INFO][JEITweaker]: Hiding ingredient <item:cobblemon:expert_belt> from JEI
[21:20:42.739][INFO][JEITweaker]: Hiding ingredient <item:cobblemon:exp_share> from JEI
[21:20:42.739][INFO][JEITweaker]: Hiding ingredient <item:cobblemon:fairy_feather> from JEI
[21:20:42.739][INFO][JEITweaker]: Hiding ingredient <item:cobblemon:flame_orb> from JEI
[21:20:42.739][INFO][JEITweaker]: Hiding ingredient <item:cobblemon:focus_band> from JEI
[21:20:42.739][INFO][JEITweaker]: Hiding ingredient <item:cobblemon:focus_sash> from JEI
[21:20:42.739][INFO][JEITweaker]: Hiding ingredient <item:cobblemon:hard_stone> from JEI
[21:20:42.739][INFO][JEITweaker]: Hiding ingredient <item:cobblemon:heat_rock> from JEI
[21:20:42.739][INFO][JEITweaker]: Hiding ingredient <item:cobblemon:heavy_duty_boots> from JEI
[21:20:42.739][INFO][JEITweaker]: Hiding ingredient <item:cobblemon:icy_rock> from JEI
[21:20:42.739][INFO][JEITweaker]: Hiding ingredient <item:cobblemon:iron_ball> from JEI
[21:20:42.739][INFO][JEITweaker]: Hiding ingredient <item:cobblemon:life_orb> from JEI
[21:20:42.739][INFO][JEITweaker]: Hiding ingredient <item:cobblemon:light_clay> from JEI
[21:20:42.739][INFO][JEITweaker]: Hiding ingredient <item:cobblemon:loaded_dice> from JEI
[21:20:42.739][INFO][JEITweaker]: Hiding ingredient <item:cobblemon:luminous_moss> from JEI
[21:20:42.739][INFO][JEITweaker]: Hiding ingredient <item:cobblemon:magnet> from JEI
[21:20:42.739][INFO][JEITweaker]: Hiding ingredient <item:cobblemon:metronome> from JEI
[21:20:42.739][INFO][JEITweaker]: Hiding ingredient <item:cobblemon:miracle_seed> from JEI
[21:20:42.739][INFO][JEITweaker]: Hiding ingredient <item:cobblemon:muscle_band> from JEI
[21:20:42.739][INFO][JEITweaker]: Hiding ingredient <item:cobblemon:mystic_water> from JEI
[21:20:42.739][INFO][JEITweaker]: Hiding ingredient <item:cobblemon:never_melt_ice> from JEI
[21:20:42.740][INFO][JEITweaker]: Hiding ingredient <item:cobblemon:poison_barb> from JEI
[21:20:42.740][INFO][JEITweaker]: Hiding ingredient <item:cobblemon:power_anklet> from JEI
[21:20:42.740][INFO][JEITweaker]: Hiding ingredient <item:cobblemon:power_band> from JEI
[21:20:42.740][INFO][JEITweaker]: Hiding ingredient <item:cobblemon:power_belt> from JEI
[21:20:42.740][INFO][JEITweaker]: Hiding ingredient <item:cobblemon:power_bracer> from JEI
[21:20:42.740][INFO][JEITweaker]: Hiding ingredient <item:cobblemon:power_lens> from JEI
[21:20:42.740][INFO][JEITweaker]: Hiding ingredient <item:cobblemon:power_weight> from JEI
[21:20:42.740][INFO][JEITweaker]: Hiding ingredient <item:cobblemon:protective_pads> from JEI
[21:20:42.740][INFO][JEITweaker]: Hiding ingredient <item:cobblemon:punching_glove> from JEI
[21:20:42.740][INFO][JEITweaker]: Hiding ingredient <item:cobblemon:red_card> from JEI
[21:20:42.740][INFO][JEITweaker]: Hiding ingredient <item:cobblemon:ring_target> from JEI
[21:20:42.740][INFO][JEITweaker]: Hiding ingredient <item:cobblemon:rocky_helmet> from JEI
[21:20:42.740][INFO][JEITweaker]: Hiding ingredient <item:cobblemon:room_service> from JEI
[21:20:42.740][INFO][JEITweaker]: Hiding ingredient <item:cobblemon:safety_goggles> from JEI
[21:20:42.740][INFO][JEITweaker]: Hiding ingredient <item:cobblemon:scope_lens> from JEI
[21:20:42.740][INFO][JEITweaker]: Hiding ingredient <item:cobblemon:sharp_beak> from JEI
[21:20:42.740][INFO][JEITweaker]: Hiding ingredient <item:cobblemon:shell_bell> from JEI
[21:20:42.740][INFO][JEITweaker]: Hiding ingredient <item:cobblemon:silk_scarf> from JEI
[21:20:42.740][INFO][JEITweaker]: Hiding ingredient <item:cobblemon:silver_powder> from JEI
[21:20:42.741][INFO][JEITweaker]: Hiding ingredient <item:cobblemon:smooth_rock> from JEI
[21:20:42.741][INFO][JEITweaker]: Hiding ingredient <item:cobblemon:soft_sand> from JEI
[21:20:42.741][INFO][JEITweaker]: Hiding ingredient <item:cobblemon:spell_tag> from JEI
[21:20:42.741][INFO][JEITweaker]: Hiding ingredient <item:cobblemon:terrain_extender> from JEI
[21:20:42.741][INFO][JEITweaker]: Hiding ingredient <item:cobblemon:toxic_orb> from JEI
[21:20:42.741][INFO][JEITweaker]: Hiding ingredient <item:cobblemon:twisted_spoon> from JEI
[21:20:42.741][INFO][JEITweaker]: Hiding ingredient <item:cobblemon:utility_umbrella> from JEI
[21:20:42.741][INFO][JEITweaker]: Hiding ingredient <item:cobblemon:weakness_policy> from JEI
[21:20:42.741][INFO][JEITweaker]: Hiding ingredient <item:cobblemon:wide_lens> from JEI
[21:20:42.741][INFO][JEITweaker]: Hiding ingredient <item:cobblemon:wise_glasses> from JEI
[21:20:42.741][INFO][JEITweaker]: Hiding ingredient <item:cobblemon:zoom_lens> from JEI
[21:20:42.741][INFO][JEITweaker]: Hiding ingredient <item:cobblemon:leftovers> from JEI
[21:20:42.741][INFO][JEITweaker]: Hiding ingredient <item:cobblemon:ability_capsule> from JEI
[21:20:42.741][INFO][JEITweaker]: Hiding ingredient <item:cobblemon:ability_patch> from JEI
[21:20:42.741][INFO][JEITweaker]: Hiding ingredient <item:cobblemon:eject_pack> from JEI
[21:20:42.741][INFO][JEITweaker]: Hiding ingredient <item:cobblemon:calcium> from JEI
[21:20:42.741][INFO][JEITweaker]: Hiding ingredient <item:cobblemon:carbos> from JEI
[21:20:42.741][INFO][JEITweaker]: Hiding ingredient <item:cobblemon:hp_up> from JEI
[21:20:42.741][INFO][JEITweaker]: Hiding ingredient <item:cobblemon:iron> from JEI
[21:20:42.742][INFO][JEITweaker]: Hiding ingredient <item:cobblemon:protein> from JEI
[21:20:42.742][INFO][JEITweaker]: Hiding ingredient <item:cobblemon:zinc> from JEI
[21:20:42.742][INFO][JEITweaker]: Hiding ingredient <item:cobblemon:exp_candy_xs> from JEI
[21:20:42.742][INFO][JEITweaker]: Hiding ingredient <item:cobblemon:exp_candy_s> from JEI
[21:20:42.742][INFO][JEITweaker]: Hiding ingredient <item:cobblemon:exp_candy_m> from JEI
[21:20:42.742][INFO][JEITweaker]: Hiding ingredient <item:cobblemon:exp_candy_l> from JEI
[21:20:42.742][INFO][JEITweaker]: Hiding ingredient <item:cobblemon:exp_candy_xl> from JEI
[21:20:42.742][INFO][JEITweaker]: Hiding ingredient <item:cobblemon:brittle_candy> from JEI
[21:20:42.742][INFO][JEITweaker]: Hiding ingredient <item:cobblemon:courage_candy> from JEI
[21:20:42.742][INFO][JEITweaker]: Hiding ingredient <item:cobblemon:coward_candy> from JEI
[21:20:42.742][INFO][JEITweaker]: Hiding ingredient <item:cobblemon:health_candy> from JEI
[21:20:42.742][INFO][JEITweaker]: Hiding ingredient <item:cobblemon:mighty_candy> from JEI
[21:20:42.742][INFO][JEITweaker]: Hiding ingredient <item:cobblemon:numb_candy> from JEI
[21:20:42.742][INFO][JEITweaker]: Hiding ingredient <item:cobblemon:quick_candy> from JEI
[21:20:42.742][INFO][JEITweaker]: Hiding ingredient <item:cobblemon:sickly_candy> from JEI
[21:20:42.742][INFO][JEITweaker]: Hiding ingredient <item:cobblemon:slow_candy> from JEI
[21:20:42.742][INFO][JEITweaker]: Hiding ingredient <item:cobblemon:smart_candy> from JEI
[21:20:42.742][INFO][JEITweaker]: Hiding ingredient <item:cobblemon:tough_candy> from JEI
[21:20:42.742][INFO][JEITweaker]: Hiding ingredient <item:cobblemon:weak_candy> from JEI
[21:20:42.742][INFO][JEITweaker]: Hiding ingredient <item:mega_showdown:abomasite> from JEI
[21:20:42.743][INFO][JEITweaker]: Hiding ingredient <item:mega_showdown:absolite> from JEI
[21:20:42.743][INFO][JEITweaker]: Hiding ingredient <item:mega_showdown:aerodactylite> from JEI
[21:20:42.743][INFO][JEITweaker]: Hiding ingredient <item:mega_showdown:aggronite> from JEI
[21:20:42.743][INFO][JEITweaker]: Hiding ingredient <item:mega_showdown:alakazite> from JEI
[21:20:42.743][INFO][JEITweaker]: Hiding ingredient <item:mega_showdown:altarianite> from JEI
[21:20:42.743][INFO][JEITweaker]: Hiding ingredient <item:mega_showdown:ampharosite> from JEI
[21:20:42.743][INFO][JEITweaker]: Hiding ingredient <item:mega_showdown:audinite> from JEI
[21:20:42.743][INFO][JEITweaker]: Hiding ingredient <item:mega_showdown:banettite> from JEI
[21:20:42.743][INFO][JEITweaker]: Hiding ingredient <item:mega_showdown:beedrillite> from JEI
[21:20:42.743][INFO][JEITweaker]: Hiding ingredient <item:mega_showdown:blastoisinite> from JEI
[21:20:42.743][INFO][JEITweaker]: Hiding ingredient <item:mega_showdown:blazikenite> from JEI
[21:20:42.743][INFO][JEITweaker]: Hiding ingredient <item:mega_showdown:cameruptite> from JEI
[21:20:42.743][INFO][JEITweaker]: Hiding ingredient <item:mega_showdown:charizardite_x> from JEI
[21:20:42.743][INFO][JEITweaker]: Hiding ingredient <item:mega_showdown:charizardite_y> from JEI
[21:20:42.743][INFO][JEITweaker]: Hiding ingredient <item:mega_showdown:diancite> from JEI
[21:20:42.743][INFO][JEITweaker]: Hiding ingredient <item:mega_showdown:galladite> from JEI
[21:20:42.743][INFO][JEITweaker]: Hiding ingredient <item:mega_showdown:garchompite> from JEI
[21:20:42.743][INFO][JEITweaker]: Hiding ingredient <item:mega_showdown:gardevoirite> from JEI
[21:20:42.743][INFO][JEITweaker]: Hiding ingredient <item:mega_showdown:gengarite> from JEI
[21:20:42.744][INFO][JEITweaker]: Hiding ingredient <item:mega_showdown:glalitite> from JEI
[21:20:42.744][INFO][JEITweaker]: Hiding ingredient <item:mega_showdown:gyaradosite> from JEI
[21:20:42.744][INFO][JEITweaker]: Hiding ingredient <item:mega_showdown:heracronite> from JEI
[21:20:42.744][INFO][JEITweaker]: Hiding ingredient <item:mega_showdown:houndoominite> from JEI
[21:20:42.744][INFO][JEITweaker]: Hiding ingredient <item:mega_showdown:kangaskhanite> from JEI
[21:20:42.744][INFO][JEITweaker]: Hiding ingredient <item:mega_showdown:latiasite> from JEI
[21:20:42.744][INFO][JEITweaker]: Hiding ingredient <item:mega_showdown:latiosite> from JEI
[21:20:42.744][INFO][JEITweaker]: Hiding ingredient <item:mega_showdown:lopunnite> from JEI
[21:20:42.744][INFO][JEITweaker]: Hiding ingredient <item:mega_showdown:lucarionite> from JEI
[21:20:42.744][INFO][JEITweaker]: Hiding ingredient <item:mega_showdown:manectite> from JEI
[21:20:42.744][INFO][JEITweaker]: Hiding ingredient <item:mega_showdown:mawilite> from JEI
[21:20:42.744][INFO][JEITweaker]: Hiding ingredient <item:mega_showdown:medichamite> from JEI
[21:20:42.744][INFO][JEITweaker]: Hiding ingredient <item:mega_showdown:mega_stone> from JEI
[21:20:42.744][INFO][JEITweaker]: Hiding ingredient <item:mega_showdown:metagrossite> from JEI
[21:20:42.744][INFO][JEITweaker]: Hiding ingredient <item:mega_showdown:mewtwonite_x> from JEI
[21:20:42.744][INFO][JEITweaker]: Hiding ingredient <item:mega_showdown:mewtwonite_y> from JEI
[21:20:42.744][INFO][JEITweaker]: Hiding ingredient <item:mega_showdown:pidgeotite> from JEI
[21:20:42.744][INFO][JEITweaker]: Hiding ingredient <item:mega_showdown:pinsirite> from JEI
[21:20:42.744][INFO][JEITweaker]: Hiding ingredient <item:mega_showdown:sablenite> from JEI
[21:20:42.744][INFO][JEITweaker]: Hiding ingredient <item:mega_showdown:salamencite> from JEI
[21:20:42.745][INFO][JEITweaker]: Hiding ingredient <item:mega_showdown:sceptilite> from JEI
[21:20:42.745][INFO][JEITweaker]: Hiding ingredient <item:mega_showdown:scizorite> from JEI
[21:20:42.745][INFO][JEITweaker]: Hiding ingredient <item:mega_showdown:sharpedonite> from JEI
[21:20:42.745][INFO][JEITweaker]: Hiding ingredient <item:mega_showdown:slowbronite> from JEI
[21:20:42.745][INFO][JEITweaker]: Hiding ingredient <item:mega_showdown:steelixite> from JEI
[21:20:42.745][INFO][JEITweaker]: Hiding ingredient <item:mega_showdown:swampertite> from JEI
[21:20:42.745][INFO][JEITweaker]: Hiding ingredient <item:mega_showdown:tyranitarite> from JEI
[21:20:42.745][INFO][JEITweaker]: Hiding ingredient <item:mega_showdown:venusaurite> from JEI
[21:20:42.745][INFO][JEITweaker]: Hiding ingredient <item:mega_showdown:keystone> from JEI
[21:20:42.745][INFO][JEITweaker]: Hiding ingredient <item:mega_showdown:mega_bracelet> from JEI
[21:20:42.745][INFO][JEITweaker]: Hiding ingredient <item:mega_showdown:mega_bracelet_black> from JEI
[21:20:42.745][INFO][JEITweaker]: Hiding ingredient <item:mega_showdown:mega_bracelet_blue> from JEI
[21:20:42.745][INFO][JEITweaker]: Hiding ingredient <item:mega_showdown:mega_bracelet_green> from JEI
[21:20:42.745][INFO][JEITweaker]: Hiding ingredient <item:mega_showdown:mega_bracelet_pink> from JEI
[21:20:42.745][INFO][JEITweaker]: Hiding ingredient <item:mega_showdown:mega_bracelet_red> from JEI
[21:20:42.745][INFO][JEITweaker]: Hiding ingredient <item:mega_showdown:mega_bracelet_yellow> from JEI
[21:20:42.745][INFO][JEITweaker]: Hiding ingredient <item:mega_showdown:mega_ring> from JEI
[21:20:42.745][INFO][JEITweaker]: Hiding ingredient <item:mega_showdown:gladion_z_power_ring> from JEI
[21:20:42.745][INFO][JEITweaker]: Hiding ingredient <item:mega_showdown:hapus_z_ring> from JEI
[21:20:42.745][INFO][JEITweaker]: Hiding ingredient <item:mega_showdown:hapu_z_power_ring> from JEI
[21:20:42.745][INFO][JEITweaker]: Hiding ingredient <item:mega_showdown:nanu_z_power_ring> from JEI
[21:20:42.746][INFO][JEITweaker]: Hiding ingredient <item:mega_showdown:olivias_z_ring> from JEI
[21:20:42.746][INFO][JEITweaker]: Hiding ingredient <item:mega_showdown:olivia_z_power_ring> from JEI
[21:20:42.746][INFO][JEITweaker]: Hiding ingredient <item:mega_showdown:rocket_z_power_ring> from JEI
[21:20:42.746][INFO][JEITweaker]: Hiding ingredient <item:mega_showdown:z_power_ring> from JEI
[21:20:42.746][INFO][JEITweaker]: Hiding ingredient <item:mega_showdown:z_ring> from JEI
[21:20:42.746][INFO][JEITweaker]: Hiding ingredient <item:mega_showdown:z_ring_black> from JEI
[21:20:42.746][INFO][JEITweaker]: Hiding ingredient <item:mega_showdown:z_ring_blue> from JEI
[21:20:42.746][INFO][JEITweaker]: Hiding ingredient <item:mega_showdown:z_ring_green> from JEI
[21:20:42.746][INFO][JEITweaker]: Hiding ingredient <item:mega_showdown:z_ring_pink> from JEI
[21:20:42.746][INFO][JEITweaker]: Hiding ingredient <item:mega_showdown:z_ring_red> from JEI
[21:20:42.746][INFO][JEITweaker]: Hiding ingredient <item:mega_showdown:z_ring_yellow> from JEI
[21:20:42.746][INFO][JEITweaker]: Hiding ingredient <item:mega_showdown:archie_anchor> from JEI
[21:20:42.746][INFO][JEITweaker]: Hiding ingredient <item:mega_showdown:ash_cap> from JEI
[21:20:42.746][INFO][JEITweaker]: Hiding ingredient <item:mega_showdown:blue_orb> from JEI
[21:20:42.746][INFO][JEITweaker]: Hiding ingredient <item:mega_showdown:booster_energy> from JEI
[21:20:42.746][INFO][JEITweaker]: Hiding ingredient <item:mega_showdown:brendan_mega_cuff> from JEI
[21:20:42.746][INFO][JEITweaker]: Hiding ingredient <item:mega_showdown:dynamax_band> from JEI
[21:20:42.746][INFO][JEITweaker]: Hiding ingredient <item:mega_showdown:korrina_glove> from JEI
[21:20:42.746][INFO][JEITweaker]: Hiding ingredient <item:mega_showdown:lisia_mega_tiara> from JEI
[21:20:42.746][INFO][JEITweaker]: Hiding ingredient <item:mega_showdown:lysandre_ring> from JEI
[21:20:42.746][INFO][JEITweaker]: Hiding ingredient <item:mega_showdown:maxie_glasses> from JEI
[21:20:42.746][INFO][JEITweaker]: Hiding ingredient <item:mega_showdown:may_bracelet> from JEI
[21:20:42.746][INFO][JEITweaker]: Hiding ingredient <item:mega_showdown:omni_ring> from JEI
[21:20:42.746][INFO][JEITweaker]: Hiding ingredient <item:mega_showdown:pika_case> from JEI
[21:20:42.746][INFO][JEITweaker]: Hiding ingredient <item:mega_showdown:red_orb> from JEI
[21:20:42.746][INFO][JEITweaker]: Hiding ingredient <item:mega_showdown:tera_orb> from JEI
[21:20:42.746][INFO][JEITweaker]: Hiding ingredient <item:mega_showdown:zygarde_cube> from JEI
[21:20:42.749][INFO][CraftTweaker-ZenCode]: Execution for loader 'crafttweaker' completed successfully
[21:44:20.625][INFO][CraftTweaker-ZenCode]: Started loading scripts for loader 'crafttweaker'
[21:44:20.633][INFO][CraftTweaker-ZenCode]: Undoing previous actions
[21:44:20.817][INFO][CraftTweaker-ZenCode]: Compiling and executing scripts
[21:44:22.033][INFO][CraftTweaker-ZenCode]: Successfully initialized modules [mods, vanilla/api/network/NetworkContext, vanilla/api/network/NetworkReceiver, crafttweaker, expansions]
[21:44:22.034][INFO][CraftTweaker-ZenCode]: Loading file 'ocultar_jei.zs' with priority 0
[21:44:22.124][INFO][JEITweaker]: Hiding ingredient <item:cobblemon:ability_shield> from JEI
[21:44:22.126][INFO][JEITweaker]: Hiding ingredient <item:cobblemon:air_balloon> from JEI
[21:44:22.126][INFO][JEITweaker]: Hiding ingredient <item:cobblemon:assault_vest> from JEI
[21:44:22.126][INFO][JEITweaker]: Hiding ingredient <item:cobblemon:binding_band> from JEI
[21:44:22.127][INFO][JEITweaker]: Hiding ingredient <item:cobblemon:black_belt> from JEI
[21:44:22.127][INFO][JEITweaker]: Hiding ingredient <item:cobblemon:black_glasses> from JEI
[21:44:22.127][INFO][JEITweaker]: Hiding ingredient <item:cobblemon:blunder_policy> from JEI
[21:44:22.127][INFO][JEITweaker]: Hiding ingredient <item:cobblemon:bright_powder> from JEI
[21:44:22.128][INFO][JEITweaker]: Hiding ingredient <item:cobblemon:cell_battery> from JEI
[21:44:22.128][INFO][JEITweaker]: Hiding ingredient <item:cobblemon:charcoal_stick> from JEI
[21:44:22.128][INFO][JEITweaker]: Hiding ingredient <item:cobblemon:choice_band> from JEI
[21:44:22.128][INFO][JEITweaker]: Hiding ingredient <item:cobblemon:choice_scarf> from JEI
[21:44:22.129][INFO][JEITweaker]: Hiding ingredient <item:cobblemon:choice_specs> from JEI
[21:44:22.129][INFO][JEITweaker]: Hiding ingredient <item:cobblemon:cleanse_tag> from JEI
[21:44:22.129][INFO][JEITweaker]: Hiding ingredient <item:cobblemon:clear_amulet> from JEI
[21:44:22.129][INFO][JEITweaker]: Hiding ingredient <item:cobblemon:covert_cloak> from JEI
[21:44:22.130][INFO][JEITweaker]: Hiding ingredient <item:cobblemon:damp_rock> from JEI
[21:44:22.130][INFO][JEITweaker]: Hiding ingredient <item:cobblemon:destiny_knot> from JEI
[21:44:22.130][INFO][JEITweaker]: Hiding ingredient <item:cobblemon:dragon_fang> from JEI
[21:44:22.130][INFO][JEITweaker]: Hiding ingredient <item:cobblemon:eject_button> from JEI
[21:44:22.131][INFO][JEITweaker]: Hiding ingredient <item:cobblemon:eviolite> from JEI
[21:44:22.131][INFO][JEITweaker]: Hiding ingredient <item:cobblemon:expert_belt> from JEI
[21:44:22.131][INFO][JEITweaker]: Hiding ingredient <item:cobblemon:exp_share> from JEI
[21:44:22.131][INFO][JEITweaker]: Hiding ingredient <item:cobblemon:fairy_feather> from JEI
[21:44:22.131][INFO][JEITweaker]: Hiding ingredient <item:cobblemon:flame_orb> from JEI
[21:44:22.131][INFO][JEITweaker]: Hiding ingredient <item:cobblemon:focus_band> from JEI
[21:44:22.131][INFO][JEITweaker]: Hiding ingredient <item:cobblemon:focus_sash> from JEI
[21:44:22.131][INFO][JEITweaker]: Hiding ingredient <item:cobblemon:hard_stone> from JEI
[21:44:22.131][INFO][JEITweaker]: Hiding ingredient <item:cobblemon:heat_rock> from JEI
[21:44:22.131][INFO][JEITweaker]: Hiding ingredient <item:cobblemon:heavy_duty_boots> from JEI
[21:44:22.131][INFO][JEITweaker]: Hiding ingredient <item:cobblemon:icy_rock> from JEI
[21:44:22.132][INFO][JEITweaker]: Hiding ingredient <item:cobblemon:iron_ball> from JEI
[21:44:22.132][INFO][JEITweaker]: Hiding ingredient <item:cobblemon:life_orb> from JEI
[21:44:22.132][INFO][JEITweaker]: Hiding ingredient <item:cobblemon:light_clay> from JEI
[21:44:22.132][INFO][JEITweaker]: Hiding ingredient <item:cobblemon:loaded_dice> from JEI
[21:44:22.132][INFO][JEITweaker]: Hiding ingredient <item:cobblemon:luminous_moss> from JEI
[21:44:22.132][INFO][JEITweaker]: Hiding ingredient <item:cobblemon:magnet> from JEI
[21:44:22.132][INFO][JEITweaker]: Hiding ingredient <item:cobblemon:metronome> from JEI
[21:44:22.132][INFO][JEITweaker]: Hiding ingredient <item:cobblemon:miracle_seed> from JEI
[21:44:22.132][INFO][JEITweaker]: Hiding ingredient <item:cobblemon:muscle_band> from JEI
[21:44:22.132][INFO][JEITweaker]: Hiding ingredient <item:cobblemon:mystic_water> from JEI
[21:44:22.133][INFO][JEITweaker]: Hiding ingredient <item:cobblemon:never_melt_ice> from JEI
[21:44:22.134][INFO][JEITweaker]: Hiding ingredient <item:cobblemon:poison_barb> from JEI
[21:44:22.134][INFO][JEITweaker]: Hiding ingredient <item:cobblemon:power_anklet> from JEI
[21:44:22.134][INFO][JEITweaker]: Hiding ingredient <item:cobblemon:power_band> from JEI
[21:44:22.134][INFO][JEITweaker]: Hiding ingredient <item:cobblemon:power_belt> from JEI
[21:44:22.134][INFO][JEITweaker]: Hiding ingredient <item:cobblemon:power_bracer> from JEI
[21:44:22.134][INFO][JEITweaker]: Hiding ingredient <item:cobblemon:power_lens> from JEI
[21:44:22.134][INFO][JEITweaker]: Hiding ingredient <item:cobblemon:power_weight> from JEI
[21:44:22.134][INFO][JEITweaker]: Hiding ingredient <item:cobblemon:protective_pads> from JEI
[21:44:22.134][INFO][JEITweaker]: Hiding ingredient <item:cobblemon:punching_glove> from JEI
[21:44:22.134][INFO][JEITweaker]: Hiding ingredient <item:cobblemon:red_card> from JEI
[21:44:22.134][INFO][JEITweaker]: Hiding ingredient <item:cobblemon:ring_target> from JEI
[21:44:22.134][INFO][JEITweaker]: Hiding ingredient <item:cobblemon:rocky_helmet> from JEI
[21:44:22.135][INFO][JEITweaker]: Hiding ingredient <item:cobblemon:room_service> from JEI
[21:44:22.135][INFO][JEITweaker]: Hiding ingredient <item:cobblemon:safety_goggles> from JEI
[21:44:22.135][INFO][JEITweaker]: Hiding ingredient <item:cobblemon:scope_lens> from JEI
[21:44:22.135][INFO][JEITweaker]: Hiding ingredient <item:cobblemon:sharp_beak> from JEI
[21:44:22.135][INFO][JEITweaker]: Hiding ingredient <item:cobblemon:shell_bell> from JEI
[21:44:22.135][INFO][JEITweaker]: Hiding ingredient <item:cobblemon:silk_scarf> from JEI
[21:44:22.135][INFO][JEITweaker]: Hiding ingredient <item:cobblemon:silver_powder> from JEI
[21:44:22.135][INFO][JEITweaker]: Hiding ingredient <item:cobblemon:smooth_rock> from JEI
[21:44:22.135][INFO][JEITweaker]: Hiding ingredient <item:cobblemon:soft_sand> from JEI
[21:44:22.136][INFO][JEITweaker]: Hiding ingredient <item:cobblemon:spell_tag> from JEI
[21:44:22.136][INFO][JEITweaker]: Hiding ingredient <item:cobblemon:terrain_extender> from JEI
[21:44:22.136][INFO][JEITweaker]: Hiding ingredient <item:cobblemon:toxic_orb> from JEI
[21:44:22.136][INFO][JEITweaker]: Hiding ingredient <item:cobblemon:twisted_spoon> from JEI
[21:44:22.136][INFO][JEITweaker]: Hiding ingredient <item:cobblemon:utility_umbrella> from JEI
[21:44:22.136][INFO][JEITweaker]: Hiding ingredient <item:cobblemon:weakness_policy> from JEI
[21:44:22.136][INFO][JEITweaker]: Hiding ingredient <item:cobblemon:wide_lens> from JEI
[21:44:22.137][INFO][JEITweaker]: Hiding ingredient <item:cobblemon:wise_glasses> from JEI
[21:44:22.137][INFO][JEITweaker]: Hiding ingredient <item:cobblemon:zoom_lens> from JEI
[21:44:22.137][INFO][JEITweaker]: Hiding ingredient <item:cobblemon:leftovers> from JEI
[21:44:22.137][INFO][JEITweaker]: Hiding ingredient <item:cobblemon:ability_capsule> from JEI
[21:44:22.137][INFO][JEITweaker]: Hiding ingredient <item:cobblemon:ability_patch> from JEI
[21:44:22.137][INFO][JEITweaker]: Hiding ingredient <item:cobblemon:eject_pack> from JEI
[21:44:22.137][INFO][JEITweaker]: Hiding ingredient <item:cobblemon:calcium> from JEI
[21:44:22.137][INFO][JEITweaker]: Hiding ingredient <item:cobblemon:carbos> from JEI
[21:44:22.137][INFO][JEITweaker]: Hiding ingredient <item:cobblemon:hp_up> from JEI
[21:44:22.137][INFO][JEITweaker]: Hiding ingredient <item:cobblemon:iron> from JEI
[21:44:22.137][INFO][JEITweaker]: Hiding ingredient <item:cobblemon:protein> from JEI
[21:44:22.138][INFO][JEITweaker]: Hiding ingredient <item:cobblemon:zinc> from JEI
[21:44:22.138][INFO][JEITweaker]: Hiding ingredient <item:cobblemon:exp_candy_xs> from JEI
[21:44:22.138][INFO][JEITweaker]: Hiding ingredient <item:cobblemon:exp_candy_s> from JEI
[21:44:22.138][INFO][JEITweaker]: Hiding ingredient <item:cobblemon:exp_candy_m> from JEI
[21:44:22.138][INFO][JEITweaker]: Hiding ingredient <item:cobblemon:exp_candy_l> from JEI
[21:44:22.138][INFO][JEITweaker]: Hiding ingredient <item:cobblemon:exp_candy_xl> from JEI
[21:44:22.138][INFO][JEITweaker]: Hiding ingredient <item:cobblemon:brittle_candy> from JEI
[21:44:22.138][INFO][JEITweaker]: Hiding ingredient <item:cobblemon:courage_candy> from JEI
[21:44:22.138][INFO][JEITweaker]: Hiding ingredient <item:cobblemon:coward_candy> from JEI
[21:44:22.138][INFO][JEITweaker]: Hiding ingredient <item:cobblemon:health_candy> from JEI
[21:44:22.138][INFO][JEITweaker]: Hiding ingredient <item:cobblemon:mighty_candy> from JEI
[21:44:22.138][INFO][JEITweaker]: Hiding ingredient <item:cobblemon:numb_candy> from JEI
[21:44:22.139][INFO][JEITweaker]: Hiding ingredient <item:cobblemon:quick_candy> from JEI
[21:44:22.139][INFO][JEITweaker]: Hiding ingredient <item:cobblemon:sickly_candy> from JEI
[21:44:22.139][INFO][JEITweaker]: Hiding ingredient <item:cobblemon:slow_candy> from JEI
[21:44:22.139][INFO][JEITweaker]: Hiding ingredient <item:cobblemon:smart_candy> from JEI
[21:44:22.139][INFO][JEITweaker]: Hiding ingredient <item:cobblemon:tough_candy> from JEI
[21:44:22.139][INFO][JEITweaker]: Hiding ingredient <item:cobblemon:weak_candy> from JEI
[21:44:22.139][INFO][JEITweaker]: Hiding ingredient <item:mega_showdown:abomasite> from JEI
[21:44:22.139][INFO][JEITweaker]: Hiding ingredient <item:mega_showdown:absolite> from JEI
[21:44:22.139][INFO][JEITweaker]: Hiding ingredient <item:mega_showdown:aerodactylite> from JEI
[21:44:22.139][INFO][JEITweaker]: Hiding ingredient <item:mega_showdown:aggronite> from JEI
[21:44:22.139][INFO][JEITweaker]: Hiding ingredient <item:mega_showdown:alakazite> from JEI
[21:44:22.139][INFO][JEITweaker]: Hiding ingredient <item:mega_showdown:altarianite> from JEI
[21:44:22.140][INFO][JEITweaker]: Hiding ingredient <item:mega_showdown:ampharosite> from JEI
[21:44:22.140][INFO][JEITweaker]: Hiding ingredient <item:mega_showdown:audinite> from JEI
[21:44:22.140][INFO][JEITweaker]: Hiding ingredient <item:mega_showdown:banettite> from JEI
[21:44:22.140][INFO][JEITweaker]: Hiding ingredient <item:mega_showdown:beedrillite> from JEI
[21:44:22.140][INFO][JEITweaker]: Hiding ingredient <item:mega_showdown:blastoisinite> from JEI
[21:44:22.140][INFO][JEITweaker]: Hiding ingredient <item:mega_showdown:blazikenite> from JEI
[21:44:22.140][INFO][JEITweaker]: Hiding ingredient <item:mega_showdown:cameruptite> from JEI
[21:44:22.140][INFO][JEITweaker]: Hiding ingredient <item:mega_showdown:charizardite_x> from JEI
[21:44:22.140][INFO][JEITweaker]: Hiding ingredient <item:mega_showdown:charizardite_y> from JEI
[21:44:22.140][INFO][JEITweaker]: Hiding ingredient <item:mega_showdown:diancite> from JEI
[21:44:22.140][INFO][JEITweaker]: Hiding ingredient <item:mega_showdown:galladite> from JEI
[21:44:22.141][INFO][JEITweaker]: Hiding ingredient <item:mega_showdown:garchompite> from JEI
[21:44:22.141][INFO][JEITweaker]: Hiding ingredient <item:mega_showdown:gardevoirite> from JEI
[21:44:22.141][INFO][JEITweaker]: Hiding ingredient <item:mega_showdown:gengarite> from JEI
[21:44:22.142][INFO][JEITweaker]: Hiding ingredient <item:mega_showdown:glalitite> from JEI
[21:44:22.142][INFO][JEITweaker]: Hiding ingredient <item:mega_showdown:gyaradosite> from JEI
[21:44:22.142][INFO][JEITweaker]: Hiding ingredient <item:mega_showdown:heracronite> from JEI
[21:44:22.142][INFO][JEITweaker]: Hiding ingredient <item:mega_showdown:houndoominite> from JEI
[21:44:22.142][INFO][JEITweaker]: Hiding ingredient <item:mega_showdown:kangaskhanite> from JEI
[21:44:22.143][INFO][JEITweaker]: Hiding ingredient <item:mega_showdown:latiasite> from JEI
[21:44:22.143][INFO][JEITweaker]: Hiding ingredient <item:mega_showdown:latiosite> from JEI
[21:44:22.143][INFO][JEITweaker]: Hiding ingredient <item:mega_showdown:lopunnite> from JEI
[21:44:22.143][INFO][JEITweaker]: Hiding ingredient <item:mega_showdown:lucarionite> from JEI
[21:44:22.143][INFO][JEITweaker]: Hiding ingredient <item:mega_showdown:manectite> from JEI
[21:44:22.143][INFO][JEITweaker]: Hiding ingredient <item:mega_showdown:mawilite> from JEI
[21:44:22.143][INFO][JEITweaker]: Hiding ingredient <item:mega_showdown:medichamite> from JEI
[21:44:22.143][INFO][JEITweaker]: Hiding ingredient <item:mega_showdown:mega_stone> from JEI
[21:44:22.143][INFO][JEITweaker]: Hiding ingredient <item:mega_showdown:metagrossite> from JEI
[21:44:22.143][INFO][JEITweaker]: Hiding ingredient <item:mega_showdown:mewtwonite_x> from JEI
[21:44:22.143][INFO][JEITweaker]: Hiding ingredient <item:mega_showdown:mewtwonite_y> from JEI
[21:44:22.143][INFO][JEITweaker]: Hiding ingredient <item:mega_showdown:pidgeotite> from JEI
[21:44:22.144][INFO][JEITweaker]: Hiding ingredient <item:mega_showdown:pinsirite> from JEI
[21:44:22.144][INFO][JEITweaker]: Hiding ingredient <item:mega_showdown:sablenite> from JEI
[21:44:22.144][INFO][JEITweaker]: Hiding ingredient <item:mega_showdown:salamencite> from JEI
[21:44:22.144][INFO][JEITweaker]: Hiding ingredient <item:mega_showdown:sceptilite> from JEI
[21:44:22.144][INFO][JEITweaker]: Hiding ingredient <item:mega_showdown:scizorite> from JEI
[21:44:22.144][INFO][JEITweaker]: Hiding ingredient <item:mega_showdown:sharpedonite> from JEI
[21:44:22.144][INFO][JEITweaker]: Hiding ingredient <item:mega_showdown:slowbronite> from JEI
[21:44:22.144][INFO][JEITweaker]: Hiding ingredient <item:mega_showdown:steelixite> from JEI
[21:44:22.144][INFO][JEITweaker]: Hiding ingredient <item:mega_showdown:swampertite> from JEI
[21:44:22.144][INFO][JEITweaker]: Hiding ingredient <item:mega_showdown:tyranitarite> from JEI
[21:44:22.144][INFO][JEITweaker]: Hiding ingredient <item:mega_showdown:venusaurite> from JEI
[21:44:22.144][INFO][JEITweaker]: Hiding ingredient <item:mega_showdown:keystone> from JEI
[21:44:22.144][INFO][JEITweaker]: Hiding ingredient <item:mega_showdown:mega_bracelet> from JEI
[21:44:22.144][INFO][JEITweaker]: Hiding ingredient <item:mega_showdown:mega_bracelet_black> from JEI
[21:44:22.144][INFO][JEITweaker]: Hiding ingredient <item:mega_showdown:mega_bracelet_blue> from JEI
[21:44:22.144][INFO][JEITweaker]: Hiding ingredient <item:mega_showdown:mega_bracelet_green> from JEI
[21:44:22.144][INFO][JEITweaker]: Hiding ingredient <item:mega_showdown:mega_bracelet_pink> from JEI
[21:44:22.144][INFO][JEITweaker]: Hiding ingredient <item:mega_showdown:mega_bracelet_red> from JEI
[21:44:22.144][INFO][JEITweaker]: Hiding ingredient <item:mega_showdown:mega_bracelet_yellow> from JEI
[21:44:22.144][INFO][JEITweaker]: Hiding ingredient <item:mega_showdown:mega_ring> from JEI
[21:44:22.145][INFO][JEITweaker]: Hiding ingredient <item:mega_showdown:gladion_z_power_ring> from JEI
[21:44:22.146][INFO][JEITweaker]: Hiding ingredient <item:mega_showdown:hapus_z_ring> from JEI
[21:44:22.146][INFO][JEITweaker]: Hiding ingredient <item:mega_showdown:hapu_z_power_ring> from JEI
[21:44:22.146][INFO][JEITweaker]: Hiding ingredient <item:mega_showdown:nanu_z_power_ring> from JEI
[21:44:22.146][INFO][JEITweaker]: Hiding ingredient <item:mega_showdown:olivias_z_ring> from JEI
[21:44:22.146][INFO][JEITweaker]: Hiding ingredient <item:mega_showdown:olivia_z_power_ring> from JEI
[21:44:22.146][INFO][JEITweaker]: Hiding ingredient <item:mega_showdown:rocket_z_power_ring> from JEI
[21:44:22.146][INFO][JEITweaker]: Hiding ingredient <item:mega_showdown:z_power_ring> from JEI
[21:44:22.146][INFO][JEITweaker]: Hiding ingredient <item:mega_showdown:z_ring> from JEI
[21:44:22.147][INFO][JEITweaker]: Hiding ingredient <item:mega_showdown:z_ring_black> from JEI
[21:44:22.147][INFO][JEITweaker]: Hiding ingredient <item:mega_showdown:z_ring_blue> from JEI
[21:44:22.147][INFO][JEITweaker]: Hiding ingredient <item:mega_showdown:z_ring_green> from JEI
[21:44:22.147][INFO][JEITweaker]: Hiding ingredient <item:mega_showdown:z_ring_pink> from JEI
[21:44:22.147][INFO][JEITweaker]: Hiding ingredient <item:mega_showdown:z_ring_red> from JEI
[21:44:22.147][INFO][JEITweaker]: Hiding ingredient <item:mega_showdown:z_ring_yellow> from JEI
[21:44:22.147][INFO][JEITweaker]: Hiding ingredient <item:mega_showdown:archie_anchor> from JEI
[21:44:22.147][INFO][JEITweaker]: Hiding ingredient <item:mega_showdown:ash_cap> from JEI
[21:44:22.147][INFO][JEITweaker]: Hiding ingredient <item:mega_showdown:blue_orb> from JEI
[21:44:22.147][INFO][JEITweaker]: Hiding ingredient <item:mega_showdown:booster_energy> from JEI
[21:44:22.147][INFO][JEITweaker]: Hiding ingredient <item:mega_showdown:brendan_mega_cuff> from JEI
[21:44:22.147][INFO][JEITweaker]: Hiding ingredient <item:mega_showdown:dynamax_band> from JEI
[21:44:22.147][INFO][JEITweaker]: Hiding ingredient <item:mega_showdown:korrina_glove> from JEI
[21:44:22.148][INFO][JEITweaker]: Hiding ingredient <item:mega_showdown:lisia_mega_tiara> from JEI
[21:44:22.148][INFO][JEITweaker]: Hiding ingredient <item:mega_showdown:lysandre_ring> from JEI
[21:44:22.148][INFO][JEITweaker]: Hiding ingredient <item:mega_showdown:maxie_glasses> from JEI
[21:44:22.148][INFO][JEITweaker]: Hiding ingredient <item:mega_showdown:may_bracelet> from JEI
[21:44:22.148][INFO][JEITweaker]: Hiding ingredient <item:mega_showdown:omni_ring> from JEI
[21:44:22.148][INFO][JEITweaker]: Hiding ingredient <item:mega_showdown:pika_case> from JEI
[21:44:22.148][INFO][JEITweaker]: Hiding ingredient <item:mega_showdown:red_orb> from JEI
[21:44:22.148][INFO][JEITweaker]: Hiding ingredient <item:mega_showdown:tera_orb> from JEI
[21:44:22.148][INFO][JEITweaker]: Hiding ingredient <item:mega_showdown:zygarde_cube> from JEI
[21:44:22.150][INFO][CraftTweaker-ZenCode]: Execution for loader 'crafttweaker' completed successfully
[22:10:24.626][INFO][CraftTweaker-ZenCode]: Started loading scripts for loader 'crafttweaker'
[22:10:24.629][INFO][CraftTweaker-ZenCode]: Undoing previous actions
[22:10:25.047][INFO][CraftTweaker-ZenCode]: Compiling and executing scripts
[22:10:26.127][INFO][CraftTweaker-ZenCode]: Successfully initialized modules [mods, vanilla/api/network/NetworkContext, vanilla/api/network/NetworkReceiver, crafttweaker, expansions]
[22:10:26.128][INFO][CraftTweaker-ZenCode]: Loading file 'ocultar_jei.zs' with priority 0
[22:10:26.227][INFO][JEITweaker]: Hiding ingredient <item:cobblemon:ability_shield> from JEI
[22:10:26.228][INFO][JEITweaker]: Hiding ingredient <item:cobblemon:air_balloon> from JEI
[22:10:26.228][INFO][JEITweaker]: Hiding ingredient <item:cobblemon:assault_vest> from JEI
[22:10:26.228][INFO][JEITweaker]: Hiding ingredient <item:cobblemon:binding_band> from JEI
[22:10:26.228][INFO][JEITweaker]: Hiding ingredient <item:cobblemon:black_belt> from JEI
[22:10:26.228][INFO][JEITweaker]: Hiding ingredient <item:cobblemon:black_glasses> from JEI
[22:10:26.228][INFO][JEITweaker]: Hiding ingredient <item:cobblemon:blunder_policy> from JEI
[22:10:26.229][INFO][JEITweaker]: Hiding ingredient <item:cobblemon:bright_powder> from JEI
[22:10:26.229][INFO][JEITweaker]: Hiding ingredient <item:cobblemon:cell_battery> from JEI
[22:10:26.229][INFO][JEITweaker]: Hiding ingredient <item:cobblemon:charcoal_stick> from JEI
[22:10:26.229][INFO][JEITweaker]: Hiding ingredient <item:cobblemon:choice_band> from JEI
[22:10:26.229][INFO][JEITweaker]: Hiding ingredient <item:cobblemon:choice_scarf> from JEI
[22:10:26.229][INFO][JEITweaker]: Hiding ingredient <item:cobblemon:choice_specs> from JEI
[22:10:26.229][INFO][JEITweaker]: Hiding ingredient <item:cobblemon:cleanse_tag> from JEI
[22:10:26.229][INFO][JEITweaker]: Hiding ingredient <item:cobblemon:clear_amulet> from JEI
[22:10:26.229][INFO][JEITweaker]: Hiding ingredient <item:cobblemon:covert_cloak> from JEI
[22:10:26.229][INFO][JEITweaker]: Hiding ingredient <item:cobblemon:damp_rock> from JEI
[22:10:26.230][INFO][JEITweaker]: Hiding ingredient <item:cobblemon:destiny_knot> from JEI
[22:10:26.230][INFO][JEITweaker]: Hiding ingredient <item:cobblemon:dragon_fang> from JEI
[22:10:26.230][INFO][JEITweaker]: Hiding ingredient <item:cobblemon:eject_button> from JEI
[22:10:26.230][INFO][JEITweaker]: Hiding ingredient <item:cobblemon:eviolite> from JEI
[22:10:26.230][INFO][JEITweaker]: Hiding ingredient <item:cobblemon:expert_belt> from JEI
[22:10:26.230][INFO][JEITweaker]: Hiding ingredient <item:cobblemon:exp_share> from JEI
[22:10:26.231][INFO][JEITweaker]: Hiding ingredient <item:cobblemon:fairy_feather> from JEI
[22:10:26.231][INFO][JEITweaker]: Hiding ingredient <item:cobblemon:flame_orb> from JEI
[22:10:26.231][INFO][JEITweaker]: Hiding ingredient <item:cobblemon:focus_band> from JEI
[22:10:26.231][INFO][JEITweaker]: Hiding ingredient <item:cobblemon:focus_sash> from JEI
[22:10:26.231][INFO][JEITweaker]: Hiding ingredient <item:cobblemon:hard_stone> from JEI
[22:10:26.231][INFO][JEITweaker]: Hiding ingredient <item:cobblemon:heat_rock> from JEI
[22:10:26.232][INFO][JEITweaker]: Hiding ingredient <item:cobblemon:heavy_duty_boots> from JEI
[22:10:26.232][INFO][JEITweaker]: Hiding ingredient <item:cobblemon:icy_rock> from JEI
[22:10:26.232][INFO][JEITweaker]: Hiding ingredient <item:cobblemon:iron_ball> from JEI
[22:10:26.232][INFO][JEITweaker]: Hiding ingredient <item:cobblemon:life_orb> from JEI
[22:10:26.232][INFO][JEITweaker]: Hiding ingredient <item:cobblemon:light_clay> from JEI
[22:10:26.232][INFO][JEITweaker]: Hiding ingredient <item:cobblemon:loaded_dice> from JEI
[22:10:26.232][INFO][JEITweaker]: Hiding ingredient <item:cobblemon:luminous_moss> from JEI
[22:10:26.232][INFO][JEITweaker]: Hiding ingredient <item:cobblemon:magnet> from JEI
[22:10:26.232][INFO][JEITweaker]: Hiding ingredient <item:cobblemon:metronome> from JEI
[22:10:26.232][INFO][JEITweaker]: Hiding ingredient <item:cobblemon:miracle_seed> from JEI
[22:10:26.232][INFO][JEITweaker]: Hiding ingredient <item:cobblemon:muscle_band> from JEI
[22:10:26.232][INFO][JEITweaker]: Hiding ingredient <item:cobblemon:mystic_water> from JEI
[22:10:26.232][INFO][JEITweaker]: Hiding ingredient <item:cobblemon:never_melt_ice> from JEI
[22:10:26.232][INFO][JEITweaker]: Hiding ingredient <item:cobblemon:poison_barb> from JEI
[22:10:26.232][INFO][JEITweaker]: Hiding ingredient <item:cobblemon:power_anklet> from JEI
[22:10:26.232][INFO][JEITweaker]: Hiding ingredient <item:cobblemon:power_band> from JEI
[22:10:26.232][INFO][JEITweaker]: Hiding ingredient <item:cobblemon:power_belt> from JEI
[22:10:26.232][INFO][JEITweaker]: Hiding ingredient <item:cobblemon:power_bracer> from JEI
[22:10:26.233][INFO][JEITweaker]: Hiding ingredient <item:cobblemon:power_lens> from JEI
[22:10:26.233][INFO][JEITweaker]: Hiding ingredient <item:cobblemon:power_weight> from JEI
[22:10:26.233][INFO][JEITweaker]: Hiding ingredient <item:cobblemon:protective_pads> from JEI
[22:10:26.233][INFO][JEITweaker]: Hiding ingredient <item:cobblemon:punching_glove> from JEI
[22:10:26.233][INFO][JEITweaker]: Hiding ingredient <item:cobblemon:red_card> from JEI
[22:10:26.233][INFO][JEITweaker]: Hiding ingredient <item:cobblemon:ring_target> from JEI
[22:10:26.233][INFO][JEITweaker]: Hiding ingredient <item:cobblemon:rocky_helmet> from JEI
[22:10:26.233][INFO][JEITweaker]: Hiding ingredient <item:cobblemon:room_service> from JEI
[22:10:26.233][INFO][JEITweaker]: Hiding ingredient <item:cobblemon:safety_goggles> from JEI
[22:10:26.233][INFO][JEITweaker]: Hiding ingredient <item:cobblemon:scope_lens> from JEI
[22:10:26.233][INFO][JEITweaker]: Hiding ingredient <item:cobblemon:sharp_beak> from JEI
[22:10:26.233][INFO][JEITweaker]: Hiding ingredient <item:cobblemon:shell_bell> from JEI
[22:10:26.234][INFO][JEITweaker]: Hiding ingredient <item:cobblemon:silk_scarf> from JEI
[22:10:26.234][INFO][JEITweaker]: Hiding ingredient <item:cobblemon:silver_powder> from JEI
[22:10:26.234][INFO][JEITweaker]: Hiding ingredient <item:cobblemon:smooth_rock> from JEI
[22:10:26.234][INFO][JEITweaker]: Hiding ingredient <item:cobblemon:soft_sand> from JEI
[22:10:26.234][INFO][JEITweaker]: Hiding ingredient <item:cobblemon:spell_tag> from JEI
[22:10:26.234][INFO][JEITweaker]: Hiding ingredient <item:cobblemon:terrain_extender> from JEI
[22:10:26.234][INFO][JEITweaker]: Hiding ingredient <item:cobblemon:toxic_orb> from JEI
[22:10:26.234][INFO][JEITweaker]: Hiding ingredient <item:cobblemon:twisted_spoon> from JEI
[22:10:26.234][INFO][JEITweaker]: Hiding ingredient <item:cobblemon:utility_umbrella> from JEI
[22:10:26.234][INFO][JEITweaker]: Hiding ingredient <item:cobblemon:weakness_policy> from JEI
[22:10:26.234][INFO][JEITweaker]: Hiding ingredient <item:cobblemon:wide_lens> from JEI
[22:10:26.234][INFO][JEITweaker]: Hiding ingredient <item:cobblemon:wise_glasses> from JEI
[22:10:26.234][INFO][JEITweaker]: Hiding ingredient <item:cobblemon:zoom_lens> from JEI
[22:10:26.234][INFO][JEITweaker]: Hiding ingredient <item:cobblemon:leftovers> from JEI
[22:10:26.234][INFO][JEITweaker]: Hiding ingredient <item:cobblemon:ability_capsule> from JEI
[22:10:26.234][INFO][JEITweaker]: Hiding ingredient <item:cobblemon:ability_patch> from JEI
[22:10:26.236][INFO][JEITweaker]: Hiding ingredient <item:cobblemon:eject_pack> from JEI
[22:10:26.236][INFO][JEITweaker]: Hiding ingredient <item:cobblemon:calcium> from JEI
[22:10:26.236][INFO][JEITweaker]: Hiding ingredient <item:cobblemon:carbos> from JEI
[22:10:26.236][INFO][JEITweaker]: Hiding ingredient <item:cobblemon:hp_up> from JEI
[22:10:26.236][INFO][JEITweaker]: Hiding ingredient <item:cobblemon:iron> from JEI
[22:10:26.237][INFO][JEITweaker]: Hiding ingredient <item:cobblemon:protein> from JEI
[22:10:26.237][INFO][JEITweaker]: Hiding ingredient <item:cobblemon:zinc> from JEI
[22:10:26.237][INFO][JEITweaker]: Hiding ingredient <item:cobblemon:exp_candy_xs> from JEI
[22:10:26.237][INFO][JEITweaker]: Hiding ingredient <item:cobblemon:exp_candy_s> from JEI
[22:10:26.237][INFO][JEITweaker]: Hiding ingredient <item:cobblemon:exp_candy_m> from JEI
[22:10:26.237][INFO][JEITweaker]: Hiding ingredient <item:cobblemon:exp_candy_l> from JEI
[22:10:26.238][INFO][JEITweaker]: Hiding ingredient <item:cobblemon:exp_candy_xl> from JEI
[22:10:26.238][INFO][JEITweaker]: Hiding ingredient <item:cobblemon:brittle_candy> from JEI
[22:10:26.238][INFO][JEITweaker]: Hiding ingredient <item:cobblemon:courage_candy> from JEI
[22:10:26.238][INFO][JEITweaker]: Hiding ingredient <item:cobblemon:coward_candy> from JEI
[22:10:26.238][INFO][JEITweaker]: Hiding ingredient <item:cobblemon:health_candy> from JEI
[22:10:26.238][INFO][JEITweaker]: Hiding ingredient <item:cobblemon:mighty_candy> from JEI
[22:10:26.238][INFO][JEITweaker]: Hiding ingredient <item:cobblemon:numb_candy> from JEI
[22:10:26.238][INFO][JEITweaker]: Hiding ingredient <item:cobblemon:quick_candy> from JEI
[22:10:26.238][INFO][JEITweaker]: Hiding ingredient <item:cobblemon:sickly_candy> from JEI
[22:10:26.238][INFO][JEITweaker]: Hiding ingredient <item:cobblemon:slow_candy> from JEI
[22:10:26.238][INFO][JEITweaker]: Hiding ingredient <item:cobblemon:smart_candy> from JEI
[22:10:26.239][INFO][JEITweaker]: Hiding ingredient <item:cobblemon:tough_candy> from JEI
[22:10:26.239][INFO][JEITweaker]: Hiding ingredient <item:cobblemon:weak_candy> from JEI
[22:10:26.239][INFO][JEITweaker]: Hiding ingredient <item:mega_showdown:abomasite> from JEI
[22:10:26.239][INFO][JEITweaker]: Hiding ingredient <item:mega_showdown:absolite> from JEI
[22:10:26.239][INFO][JEITweaker]: Hiding ingredient <item:mega_showdown:aerodactylite> from JEI
[22:10:26.239][INFO][JEITweaker]: Hiding ingredient <item:mega_showdown:aggronite> from JEI
[22:10:26.239][INFO][JEITweaker]: Hiding ingredient <item:mega_showdown:alakazite> from JEI
[22:10:26.239][INFO][JEITweaker]: Hiding ingredient <item:mega_showdown:altarianite> from JEI
[22:10:26.239][INFO][JEITweaker]: Hiding ingredient <item:mega_showdown:ampharosite> from JEI
[22:10:26.239][INFO][JEITweaker]: Hiding ingredient <item:mega_showdown:audinite> from JEI
[22:10:26.239][INFO][JEITweaker]: Hiding ingredient <item:mega_showdown:banettite> from JEI
[22:10:26.240][INFO][JEITweaker]: Hiding ingredient <item:mega_showdown:beedrillite> from JEI
[22:10:26.240][INFO][JEITweaker]: Hiding ingredient <item:mega_showdown:blastoisinite> from JEI
[22:10:26.240][INFO][JEITweaker]: Hiding ingredient <item:mega_showdown:blazikenite> from JEI
[22:10:26.240][INFO][JEITweaker]: Hiding ingredient <item:mega_showdown:cameruptite> from JEI
[22:10:26.240][INFO][JEITweaker]: Hiding ingredient <item:mega_showdown:charizardite_x> from JEI
[22:10:26.240][INFO][JEITweaker]: Hiding ingredient <item:mega_showdown:charizardite_y> from JEI
[22:10:26.240][INFO][JEITweaker]: Hiding ingredient <item:mega_showdown:diancite> from JEI
[22:10:26.240][INFO][JEITweaker]: Hiding ingredient <item:mega_showdown:galladite> from JEI
[22:10:26.240][INFO][JEITweaker]: Hiding ingredient <item:mega_showdown:garchompite> from JEI
[22:10:26.240][INFO][JEITweaker]: Hiding ingredient <item:mega_showdown:gardevoirite> from JEI
[22:10:26.240][INFO][JEITweaker]: Hiding ingredient <item:mega_showdown:gengarite> from JEI
[22:10:26.240][INFO][JEITweaker]: Hiding ingredient <item:mega_showdown:glalitite> from JEI
[22:10:26.240][INFO][JEITweaker]: Hiding ingredient <item:mega_showdown:gyaradosite> from JEI
[22:10:26.240][INFO][JEITweaker]: Hiding ingredient <item:mega_showdown:heracronite> from JEI
[22:10:26.240][INFO][JEITweaker]: Hiding ingredient <item:mega_showdown:houndoominite> from JEI
[22:10:26.240][INFO][JEITweaker]: Hiding ingredient <item:mega_showdown:kangaskhanite> from JEI
[22:10:26.241][INFO][JEITweaker]: Hiding ingredient <item:mega_showdown:latiasite> from JEI
[22:10:26.241][INFO][JEITweaker]: Hiding ingredient <item:mega_showdown:latiosite> from JEI
[22:10:26.241][INFO][JEITweaker]: Hiding ingredient <item:mega_showdown:lopunnite> from JEI
[22:10:26.241][INFO][JEITweaker]: Hiding ingredient <item:mega_showdown:lucarionite> from JEI
[22:10:26.241][INFO][JEITweaker]: Hiding ingredient <item:mega_showdown:manectite> from JEI
[22:10:26.241][INFO][JEITweaker]: Hiding ingredient <item:mega_showdown:mawilite> from JEI
[22:10:26.241][INFO][JEITweaker]: Hiding ingredient <item:mega_showdown:medichamite> from JEI
[22:10:26.241][INFO][JEITweaker]: Hiding ingredient <item:mega_showdown:mega_stone> from JEI
[22:10:26.241][INFO][JEITweaker]: Hiding ingredient <item:mega_showdown:metagrossite> from JEI
[22:10:26.241][INFO][JEITweaker]: Hiding ingredient <item:mega_showdown:mewtwonite_x> from JEI
[22:10:26.241][INFO][JEITweaker]: Hiding ingredient <item:mega_showdown:mewtwonite_y> from JEI
[22:10:26.241][INFO][JEITweaker]: Hiding ingredient <item:mega_showdown:pidgeotite> from JEI
[22:10:26.241][INFO][JEITweaker]: Hiding ingredient <item:mega_showdown:pinsirite> from JEI
[22:10:26.241][INFO][JEITweaker]: Hiding ingredient <item:mega_showdown:sablenite> from JEI
[22:10:26.242][INFO][JEITweaker]: Hiding ingredient <item:mega_showdown:salamencite> from JEI
[22:10:26.242][INFO][JEITweaker]: Hiding ingredient <item:mega_showdown:sceptilite> from JEI
[22:10:26.242][INFO][JEITweaker]: Hiding ingredient <item:mega_showdown:scizorite> from JEI
[22:10:26.242][INFO][JEITweaker]: Hiding ingredient <item:mega_showdown:sharpedonite> from JEI
[22:10:26.242][INFO][JEITweaker]: Hiding ingredient <item:mega_showdown:slowbronite> from JEI
[22:10:26.242][INFO][JEITweaker]: Hiding ingredient <item:mega_showdown:steelixite> from JEI
[22:10:26.242][INFO][JEITweaker]: Hiding ingredient <item:mega_showdown:swampertite> from JEI
[22:10:26.242][INFO][JEITweaker]: Hiding ingredient <item:mega_showdown:tyranitarite> from JEI
[22:10:26.242][INFO][JEITweaker]: Hiding ingredient <item:mega_showdown:venusaurite> from JEI
[22:10:26.242][INFO][JEITweaker]: Hiding ingredient <item:mega_showdown:keystone> from JEI
[22:10:26.242][INFO][JEITweaker]: Hiding ingredient <item:mega_showdown:mega_bracelet> from JEI
[22:10:26.243][INFO][JEITweaker]: Hiding ingredient <item:mega_showdown:mega_bracelet_black> from JEI
[22:10:26.243][INFO][JEITweaker]: Hiding ingredient <item:mega_showdown:mega_bracelet_blue> from JEI
[22:10:26.243][INFO][JEITweaker]: Hiding ingredient <item:mega_showdown:mega_bracelet_green> from JEI
[22:10:26.243][INFO][JEITweaker]: Hiding ingredient <item:mega_showdown:mega_bracelet_pink> from JEI
[22:10:26.243][INFO][JEITweaker]: Hiding ingredient <item:mega_showdown:mega_bracelet_red> from JEI
[22:10:26.243][INFO][JEITweaker]: Hiding ingredient <item:mega_showdown:mega_bracelet_yellow> from JEI
[22:10:26.243][INFO][JEITweaker]: Hiding ingredient <item:mega_showdown:mega_ring> from JEI
[22:10:26.243][INFO][JEITweaker]: Hiding ingredient <item:mega_showdown:gladion_z_power_ring> from JEI
[22:10:26.243][INFO][JEITweaker]: Hiding ingredient <item:mega_showdown:hapus_z_ring> from JEI
[22:10:26.243][INFO][JEITweaker]: Hiding ingredient <item:mega_showdown:hapu_z_power_ring> from JEI
[22:10:26.243][INFO][JEITweaker]: Hiding ingredient <item:mega_showdown:nanu_z_power_ring> from JEI
[22:10:26.243][INFO][JEITweaker]: Hiding ingredient <item:mega_showdown:olivias_z_ring> from JEI
[22:10:26.244][INFO][JEITweaker]: Hiding ingredient <item:mega_showdown:olivia_z_power_ring> from JEI
[22:10:26.244][INFO][JEITweaker]: Hiding ingredient <item:mega_showdown:rocket_z_power_ring> from JEI
[22:10:26.244][INFO][JEITweaker]: Hiding ingredient <item:mega_showdown:z_power_ring> from JEI
[22:10:26.244][INFO][JEITweaker]: Hiding ingredient <item:mega_showdown:z_ring> from JEI
[22:10:26.244][INFO][JEITweaker]: Hiding ingredient <item:mega_showdown:z_ring_black> from JEI
[22:10:26.244][INFO][JEITweaker]: Hiding ingredient <item:mega_showdown:z_ring_blue> from JEI
[22:10:26.244][INFO][JEITweaker]: Hiding ingredient <item:mega_showdown:z_ring_green> from JEI
[22:10:26.244][INFO][JEITweaker]: Hiding ingredient <item:mega_showdown:z_ring_pink> from JEI
[22:10:26.244][INFO][JEITweaker]: Hiding ingredient <item:mega_showdown:z_ring_red> from JEI
[22:10:26.244][INFO][JEITweaker]: Hiding ingredient <item:mega_showdown:z_ring_yellow> from JEI
[22:10:26.244][INFO][JEITweaker]: Hiding ingredient <item:mega_showdown:archie_anchor> from JEI
[22:10:26.244][INFO][JEITweaker]: Hiding ingredient <item:mega_showdown:ash_cap> from JEI
[22:10:26.244][INFO][JEITweaker]: Hiding ingredient <item:mega_showdown:blue_orb> from JEI
[22:10:26.244][INFO][JEITweaker]: Hiding ingredient <item:mega_showdown:booster_energy> from JEI
[22:10:26.244][INFO][JEITweaker]: Hiding ingredient <item:mega_showdown:brendan_mega_cuff> from JEI
[22:10:26.244][INFO][JEITweaker]: Hiding ingredient <item:mega_showdown:dynamax_band> from JEI
[22:10:26.244][INFO][JEITweaker]: Hiding ingredient <item:mega_showdown:korrina_glove> from JEI
[22:10:26.245][INFO][JEITweaker]: Hiding ingredient <item:mega_showdown:lisia_mega_tiara> from JEI
[22:10:26.245][INFO][JEITweaker]: Hiding ingredient <item:mega_showdown:lysandre_ring> from JEI
[22:10:26.245][INFO][JEITweaker]: Hiding ingredient <item:mega_showdown:maxie_glasses> from JEI
[22:10:26.245][INFO][JEITweaker]: Hiding ingredient <item:mega_showdown:may_bracelet> from JEI
[22:10:26.245][INFO][JEITweaker]: Hiding ingredient <item:mega_showdown:omni_ring> from JEI
[22:10:26.245][INFO][JEITweaker]: Hiding ingredient <item:mega_showdown:pika_case> from JEI
[22:10:26.245][INFO][JEITweaker]: Hiding ingredient <item:mega_showdown:red_orb> from JEI
[22:10:26.245][INFO][JEITweaker]: Hiding ingredient <item:mega_showdown:tera_orb> from JEI
[22:10:26.245][INFO][JEITweaker]: Hiding ingredient <item:mega_showdown:zygarde_cube> from JEI
[22:10:26.246][INFO][CraftTweaker-ZenCode]: Execution for loader 'crafttweaker' completed successfully
[22:16:03.082][INFO][CraftTweaker-ZenCode]: Started loading scripts for loader 'crafttweaker'
[22:16:03.086][INFO][CraftTweaker-ZenCode]: Undoing previous actions
[22:16:03.186][INFO][CraftTweaker-ZenCode]: Compiling and executing scripts
[22:16:03.601][INFO][CraftTweaker-ZenCode]: Successfully initialized modules [mods, vanilla/api/network/NetworkContext, vanilla/api/network/NetworkReceiver, crafttweaker, expansions]
[22:16:03.602][INFO][CraftTweaker-ZenCode]: Loading file 'ocultar_jei.zs' with priority 0
[22:16:03.828][INFO][JEITweaker]: Hiding ingredient <item:cobblemon:ability_shield> from JEI
[22:16:03.829][INFO][JEITweaker]: Hiding ingredient <item:cobblemon:air_balloon> from JEI
[22:16:03.831][INFO][JEITweaker]: Hiding ingredient <item:cobblemon:assault_vest> from JEI
[22:16:03.831][INFO][JEITweaker]: Hiding ingredient <item:cobblemon:binding_band> from JEI
[22:16:03.831][INFO][JEITweaker]: Hiding ingredient <item:cobblemon:black_belt> from JEI
[22:16:03.831][INFO][JEITweaker]: Hiding ingredient <item:cobblemon:black_glasses> from JEI
[22:16:03.831][INFO][JEITweaker]: Hiding ingredient <item:cobblemon:blunder_policy> from JEI
[22:16:03.831][INFO][JEITweaker]: Hiding ingredient <item:cobblemon:bright_powder> from JEI
[22:16:03.831][INFO][JEITweaker]: Hiding ingredient <item:cobblemon:cell_battery> from JEI
[22:16:03.831][INFO][JEITweaker]: Hiding ingredient <item:cobblemon:charcoal_stick> from JEI
[22:16:03.831][INFO][JEITweaker]: Hiding ingredient <item:cobblemon:choice_band> from JEI
[22:16:03.832][INFO][JEITweaker]: Hiding ingredient <item:cobblemon:choice_scarf> from JEI
[22:16:03.833][INFO][JEITweaker]: Hiding ingredient <item:cobblemon:choice_specs> from JEI
[22:16:03.834][INFO][JEITweaker]: Hiding ingredient <item:cobblemon:cleanse_tag> from JEI
[22:16:03.834][INFO][JEITweaker]: Hiding ingredient <item:cobblemon:clear_amulet> from JEI
[22:16:03.834][INFO][JEITweaker]: Hiding ingredient <item:cobblemon:covert_cloak> from JEI
[22:16:03.835][INFO][JEITweaker]: Hiding ingredient <item:cobblemon:damp_rock> from JEI
[22:16:03.835][INFO][JEITweaker]: Hiding ingredient <item:cobblemon:destiny_knot> from JEI
[22:16:03.835][INFO][JEITweaker]: Hiding ingredient <item:cobblemon:dragon_fang> from JEI
[22:16:03.835][INFO][JEITweaker]: Hiding ingredient <item:cobblemon:eject_button> from JEI
[22:16:03.836][INFO][JEITweaker]: Hiding ingredient <item:cobblemon:eviolite> from JEI
[22:16:03.837][INFO][JEITweaker]: Hiding ingredient <item:cobblemon:expert_belt> from JEI
[22:16:03.837][INFO][JEITweaker]: Hiding ingredient <item:cobblemon:exp_share> from JEI
[22:16:03.838][INFO][JEITweaker]: Hiding ingredient <item:cobblemon:fairy_feather> from JEI
[22:16:03.838][INFO][JEITweaker]: Hiding ingredient <item:cobblemon:flame_orb> from JEI
[22:16:03.838][INFO][JEITweaker]: Hiding ingredient <item:cobblemon:focus_band> from JEI
[22:16:03.838][INFO][JEITweaker]: Hiding ingredient <item:cobblemon:focus_sash> from JEI
[22:16:03.838][INFO][JEITweaker]: Hiding ingredient <item:cobblemon:hard_stone> from JEI
[22:16:03.838][INFO][JEITweaker]: Hiding ingredient <item:cobblemon:heat_rock> from JEI
[22:16:03.838][INFO][JEITweaker]: Hiding ingredient <item:cobblemon:heavy_duty_boots> from JEI
[22:16:03.838][INFO][JEITweaker]: Hiding ingredient <item:cobblemon:icy_rock> from JEI
[22:16:03.838][INFO][JEITweaker]: Hiding ingredient <item:cobblemon:iron_ball> from JEI
[22:16:03.838][INFO][JEITweaker]: Hiding ingredient <item:cobblemon:life_orb> from JEI
[22:16:03.838][INFO][JEITweaker]: Hiding ingredient <item:cobblemon:light_clay> from JEI
[22:16:03.838][INFO][JEITweaker]: Hiding ingredient <item:cobblemon:loaded_dice> from JEI
[22:16:03.839][INFO][JEITweaker]: Hiding ingredient <item:cobblemon:luminous_moss> from JEI
[22:16:03.840][INFO][JEITweaker]: Hiding ingredient <item:cobblemon:magnet> from JEI
[22:16:03.840][INFO][JEITweaker]: Hiding ingredient <item:cobblemon:metronome> from JEI
[22:16:03.841][INFO][JEITweaker]: Hiding ingredient <item:cobblemon:miracle_seed> from JEI
[22:16:03.842][INFO][JEITweaker]: Hiding ingredient <item:cobblemon:muscle_band> from JEI
[22:16:03.842][INFO][JEITweaker]: Hiding ingredient <item:cobblemon:mystic_water> from JEI
[22:16:03.847][INFO][JEITweaker]: Hiding ingredient <item:cobblemon:never_melt_ice> from JEI
[22:16:03.848][INFO][JEITweaker]: Hiding ingredient <item:cobblemon:poison_barb> from JEI
[22:16:03.848][INFO][JEITweaker]: Hiding ingredient <item:cobblemon:power_anklet> from JEI
[22:16:03.849][INFO][JEITweaker]: Hiding ingredient <item:cobblemon:power_band> from JEI
[22:16:03.849][INFO][JEITweaker]: Hiding ingredient <item:cobblemon:power_belt> from JEI
[22:16:03.850][INFO][JEITweaker]: Hiding ingredient <item:cobblemon:power_bracer> from JEI
[22:16:03.850][INFO][JEITweaker]: Hiding ingredient <item:cobblemon:power_lens> from JEI
[22:16:03.850][INFO][JEITweaker]: Hiding ingredient <item:cobblemon:power_weight> from JEI
[22:16:03.850][INFO][JEITweaker]: Hiding ingredient <item:cobblemon:protective_pads> from JEI
[22:16:03.850][INFO][JEITweaker]: Hiding ingredient <item:cobblemon:punching_glove> from JEI
[22:16:03.850][INFO][JEITweaker]: Hiding ingredient <item:cobblemon:red_card> from JEI
[22:16:03.850][INFO][JEITweaker]: Hiding ingredient <item:cobblemon:ring_target> from JEI
[22:16:03.850][INFO][JEITweaker]: Hiding ingredient <item:cobblemon:rocky_helmet> from JEI
[22:16:03.850][INFO][JEITweaker]: Hiding ingredient <item:cobblemon:room_service> from JEI
[22:16:03.850][INFO][JEITweaker]: Hiding ingredient <item:cobblemon:safety_goggles> from JEI
[22:16:03.850][INFO][JEITweaker]: Hiding ingredient <item:cobblemon:scope_lens> from JEI
[22:16:03.850][INFO][JEITweaker]: Hiding ingredient <item:cobblemon:sharp_beak> from JEI
[22:16:03.851][INFO][JEITweaker]: Hiding ingredient <item:cobblemon:shell_bell> from JEI
[22:16:03.851][INFO][JEITweaker]: Hiding ingredient <item:cobblemon:silk_scarf> from JEI
[22:16:03.852][INFO][JEITweaker]: Hiding ingredient <item:cobblemon:silver_powder> from JEI
[22:16:03.852][INFO][JEITweaker]: Hiding ingredient <item:cobblemon:smooth_rock> from JEI
[22:16:03.852][INFO][JEITweaker]: Hiding ingredient <item:cobblemon:soft_sand> from JEI
[22:16:03.852][INFO][JEITweaker]: Hiding ingredient <item:cobblemon:spell_tag> from JEI
[22:16:03.852][INFO][JEITweaker]: Hiding ingredient <item:cobblemon:terrain_extender> from JEI
[22:16:03.852][INFO][JEITweaker]: Hiding ingredient <item:cobblemon:toxic_orb> from JEI
[22:16:03.852][INFO][JEITweaker]: Hiding ingredient <item:cobblemon:twisted_spoon> from JEI
[22:16:03.853][INFO][JEITweaker]: Hiding ingredient <item:cobblemon:utility_umbrella> from JEI
[22:16:03.853][INFO][JEITweaker]: Hiding ingredient <item:cobblemon:weakness_policy> from JEI
[22:16:03.853][INFO][JEITweaker]: Hiding ingredient <item:cobblemon:wide_lens> from JEI
[22:16:03.853][INFO][JEITweaker]: Hiding ingredient <item:cobblemon:wise_glasses> from JEI
[22:16:03.853][INFO][JEITweaker]: Hiding ingredient <item:cobblemon:zoom_lens> from JEI
[22:16:03.853][INFO][JEITweaker]: Hiding ingredient <item:cobblemon:leftovers> from JEI
[22:16:03.853][INFO][JEITweaker]: Hiding ingredient <item:cobblemon:ability_capsule> from JEI
[22:16:03.853][INFO][JEITweaker]: Hiding ingredient <item:cobblemon:ability_patch> from JEI
[22:16:03.853][INFO][JEITweaker]: Hiding ingredient <item:cobblemon:eject_pack> from JEI
[22:16:03.853][INFO][JEITweaker]: Hiding ingredient <item:cobblemon:calcium> from JEI
[22:16:03.854][INFO][JEITweaker]: Hiding ingredient <item:cobblemon:carbos> from JEI
[22:16:03.855][INFO][JEITweaker]: Hiding ingredient <item:cobblemon:hp_up> from JEI
[22:16:03.858][INFO][JEITweaker]: Hiding ingredient <item:cobblemon:iron> from JEI
[22:16:03.859][INFO][JEITweaker]: Hiding ingredient <item:cobblemon:protein> from JEI
[22:16:03.861][INFO][JEITweaker]: Hiding ingredient <item:cobblemon:zinc> from JEI
[22:16:03.861][INFO][JEITweaker]: Hiding ingredient <item:cobblemon:exp_candy_xs> from JEI
[22:16:03.862][INFO][JEITweaker]: Hiding ingredient <item:cobblemon:exp_candy_s> from JEI
[22:16:03.862][INFO][JEITweaker]: Hiding ingredient <item:cobblemon:exp_candy_m> from JEI
[22:16:03.863][INFO][JEITweaker]: Hiding ingredient <item:cobblemon:exp_candy_l> from JEI
[22:16:03.864][INFO][JEITweaker]: Hiding ingredient <item:cobblemon:exp_candy_xl> from JEI
[22:16:03.864][INFO][JEITweaker]: Hiding ingredient <item:cobblemon:brittle_candy> from JEI
[22:16:03.865][INFO][JEITweaker]: Hiding ingredient <item:cobblemon:courage_candy> from JEI
[22:16:03.867][INFO][JEITweaker]: Hiding ingredient <item:cobblemon:coward_candy> from JEI
[22:16:03.869][INFO][JEITweaker]: Hiding ingredient <item:cobblemon:health_candy> from JEI
[22:16:03.872][INFO][JEITweaker]: Hiding ingredient <item:cobblemon:mighty_candy> from JEI
[22:16:03.874][INFO][JEITweaker]: Hiding ingredient <item:cobblemon:numb_candy> from JEI
[22:16:03.876][INFO][JEITweaker]: Hiding ingredient <item:cobblemon:quick_candy> from JEI
[22:16:03.877][INFO][JEITweaker]: Hiding ingredient <item:cobblemon:sickly_candy> from JEI
[22:16:03.878][INFO][JEITweaker]: Hiding ingredient <item:cobblemon:slow_candy> from JEI
[22:16:03.878][INFO][JEITweaker]: Hiding ingredient <item:cobblemon:smart_candy> from JEI
[22:16:03.878][INFO][JEITweaker]: Hiding ingredient <item:cobblemon:tough_candy> from JEI
[22:16:03.878][INFO][JEITweaker]: Hiding ingredient <item:cobblemon:weak_candy> from JEI
[22:16:03.878][INFO][JEITweaker]: Hiding ingredient <item:mega_showdown:abomasite> from JEI
[22:16:03.878][INFO][JEITweaker]: Hiding ingredient <item:mega_showdown:absolite> from JEI
[22:16:03.879][INFO][JEITweaker]: Hiding ingredient <item:mega_showdown:aerodactylite> from JEI
[22:16:03.879][INFO][JEITweaker]: Hiding ingredient <item:mega_showdown:aggronite> from JEI
[22:16:03.881][INFO][JEITweaker]: Hiding ingredient <item:mega_showdown:alakazite> from JEI
[22:16:03.881][INFO][JEITweaker]: Hiding ingredient <item:mega_showdown:altarianite> from JEI
[22:16:03.882][INFO][JEITweaker]: Hiding ingredient <item:mega_showdown:ampharosite> from JEI
[22:16:03.883][INFO][JEITweaker]: Hiding ingredient <item:mega_showdown:audinite> from JEI
[22:16:03.883][INFO][JEITweaker]: Hiding ingredient <item:mega_showdown:banettite> from JEI
[22:16:03.883][INFO][JEITweaker]: Hiding ingredient <item:mega_showdown:beedrillite> from JEI
[22:16:03.883][INFO][JEITweaker]: Hiding ingredient <item:mega_showdown:blastoisinite> from JEI
[22:16:03.883][INFO][JEITweaker]: Hiding ingredient <item:mega_showdown:blazikenite> from JEI
[22:16:03.883][INFO][JEITweaker]: Hiding ingredient <item:mega_showdown:cameruptite> from JEI
[22:16:03.883][INFO][JEITweaker]: Hiding ingredient <item:mega_showdown:charizardite_x> from JEI
[22:16:03.883][INFO][JEITweaker]: Hiding ingredient <item:mega_showdown:charizardite_y> from JEI
[22:16:03.883][INFO][JEITweaker]: Hiding ingredient <item:mega_showdown:diancite> from JEI
[22:16:03.884][INFO][JEITweaker]: Hiding ingredient <item:mega_showdown:galladite> from JEI
[22:16:03.884][INFO][JEITweaker]: Hiding ingredient <item:mega_showdown:garchompite> from JEI
[22:16:03.884][INFO][JEITweaker]: Hiding ingredient <item:mega_showdown:gardevoirite> from JEI
[22:16:03.884][INFO][JEITweaker]: Hiding ingredient <item:mega_showdown:gengarite> from JEI
[22:16:03.884][INFO][JEITweaker]: Hiding ingredient <item:mega_showdown:glalitite> from JEI
[22:16:03.885][INFO][JEITweaker]: Hiding ingredient <item:mega_showdown:gyaradosite> from JEI
[22:16:03.885][INFO][JEITweaker]: Hiding ingredient <item:mega_showdown:heracronite> from JEI
[22:16:03.885][INFO][JEITweaker]: Hiding ingredient <item:mega_showdown:houndoominite> from JEI
[22:16:03.885][INFO][JEITweaker]: Hiding ingredient <item:mega_showdown:kangaskhanite> from JEI
[22:16:03.885][INFO][JEITweaker]: Hiding ingredient <item:mega_showdown:latiasite> from JEI
[22:16:03.885][INFO][JEITweaker]: Hiding ingredient <item:mega_showdown:latiosite> from JEI
[22:16:03.885][INFO][JEITweaker]: Hiding ingredient <item:mega_showdown:lopunnite> from JEI
[22:16:03.885][INFO][JEITweaker]: Hiding ingredient <item:mega_showdown:lucarionite> from JEI
[22:16:03.886][INFO][JEITweaker]: Hiding ingredient <item:mega_showdown:manectite> from JEI
[22:16:03.886][INFO][JEITweaker]: Hiding ingredient <item:mega_showdown:mawilite> from JEI
[22:16:03.886][INFO][JEITweaker]: Hiding ingredient <item:mega_showdown:medichamite> from JEI
[22:16:03.886][INFO][JEITweaker]: Hiding ingredient <item:mega_showdown:mega_stone> from JEI
[22:16:03.886][INFO][JEITweaker]: Hiding ingredient <item:mega_showdown:metagrossite> from JEI
[22:16:03.886][INFO][JEITweaker]: Hiding ingredient <item:mega_showdown:mewtwonite_x> from JEI
[22:16:03.886][INFO][JEITweaker]: Hiding ingredient <item:mega_showdown:mewtwonite_y> from JEI
[22:16:03.886][INFO][JEITweaker]: Hiding ingredient <item:mega_showdown:pidgeotite> from JEI
[22:16:03.887][INFO][JEITweaker]: Hiding ingredient <item:mega_showdown:pinsirite> from JEI
[22:16:03.887][INFO][JEITweaker]: Hiding ingredient <item:mega_showdown:sablenite> from JEI
[22:16:03.887][INFO][JEITweaker]: Hiding ingredient <item:mega_showdown:salamencite> from JEI
[22:16:03.887][INFO][JEITweaker]: Hiding ingredient <item:mega_showdown:sceptilite> from JEI
[22:16:03.887][INFO][JEITweaker]: Hiding ingredient <item:mega_showdown:scizorite> from JEI
[22:16:03.887][INFO][JEITweaker]: Hiding ingredient <item:mega_showdown:sharpedonite> from JEI
[22:16:03.888][INFO][JEITweaker]: Hiding ingredient <item:mega_showdown:slowbronite> from JEI
[22:16:03.888][INFO][JEITweaker]: Hiding ingredient <item:mega_showdown:steelixite> from JEI
[22:16:03.888][INFO][JEITweaker]: Hiding ingredient <item:mega_showdown:swampertite> from JEI
[22:16:03.888][INFO][JEITweaker]: Hiding ingredient <item:mega_showdown:tyranitarite> from JEI
[22:16:03.889][INFO][JEITweaker]: Hiding ingredient <item:mega_showdown:venusaurite> from JEI
[22:16:03.889][INFO][JEITweaker]: Hiding ingredient <item:mega_showdown:keystone> from JEI
[22:16:03.889][INFO][JEITweaker]: Hiding ingredient <item:mega_showdown:mega_bracelet> from JEI
[22:16:03.889][INFO][JEITweaker]: Hiding ingredient <item:mega_showdown:mega_bracelet_black> from JEI
[22:16:03.889][INFO][JEITweaker]: Hiding ingredient <item:mega_showdown:mega_bracelet_blue> from JEI
[22:16:03.889][INFO][JEITweaker]: Hiding ingredient <item:mega_showdown:mega_bracelet_green> from JEI
[22:16:03.889][INFO][JEITweaker]: Hiding ingredient <item:mega_showdown:mega_bracelet_pink> from JEI
[22:16:03.889][INFO][JEITweaker]: Hiding ingredient <item:mega_showdown:mega_bracelet_red> from JEI
[22:16:03.890][INFO][JEITweaker]: Hiding ingredient <item:mega_showdown:mega_bracelet_yellow> from JEI
[22:16:03.890][INFO][JEITweaker]: Hiding ingredient <item:mega_showdown:mega_ring> from JEI
[22:16:03.890][INFO][JEITweaker]: Hiding ingredient <item:mega_showdown:gladion_z_power_ring> from JEI
[22:16:03.890][INFO][JEITweaker]: Hiding ingredient <item:mega_showdown:hapus_z_ring> from JEI
[22:16:03.890][INFO][JEITweaker]: Hiding ingredient <item:mega_showdown:hapu_z_power_ring> from JEI
[22:16:03.890][INFO][JEITweaker]: Hiding ingredient <item:mega_showdown:nanu_z_power_ring> from JEI
[22:16:03.890][INFO][JEITweaker]: Hiding ingredient <item:mega_showdown:olivias_z_ring> from JEI
[22:16:03.890][INFO][JEITweaker]: Hiding ingredient <item:mega_showdown:olivia_z_power_ring> from JEI
[22:16:03.890][INFO][JEITweaker]: Hiding ingredient <item:mega_showdown:rocket_z_power_ring> from JEI
[22:16:03.890][INFO][JEITweaker]: Hiding ingredient <item:mega_showdown:z_power_ring> from JEI
[22:16:03.890][INFO][JEITweaker]: Hiding ingredient <item:mega_showdown:z_ring> from JEI
[22:16:03.890][INFO][JEITweaker]: Hiding ingredient <item:mega_showdown:z_ring_black> from JEI
[22:16:03.891][INFO][JEITweaker]: Hiding ingredient <item:mega_showdown:z_ring_blue> from JEI
[22:16:03.891][INFO][JEITweaker]: Hiding ingredient <item:mega_showdown:z_ring_green> from JEI
[22:16:03.891][INFO][JEITweaker]: Hiding ingredient <item:mega_showdown:z_ring_pink> from JEI
[22:16:03.891][INFO][JEITweaker]: Hiding ingredient <item:mega_showdown:z_ring_red> from JEI
[22:16:03.891][INFO][JEITweaker]: Hiding ingredient <item:mega_showdown:z_ring_yellow> from JEI
[22:16:03.891][INFO][JEITweaker]: Hiding ingredient <item:mega_showdown:archie_anchor> from JEI
[22:16:03.891][INFO][JEITweaker]: Hiding ingredient <item:mega_showdown:ash_cap> from JEI
[22:16:03.891][INFO][JEITweaker]: Hiding ingredient <item:mega_showdown:blue_orb> from JEI
[22:16:03.891][INFO][JEITweaker]: Hiding ingredient <item:mega_showdown:booster_energy> from JEI
[22:16:03.891][INFO][JEITweaker]: Hiding ingredient <item:mega_showdown:brendan_mega_cuff> from JEI
[22:16:03.891][INFO][JEITweaker]: Hiding ingredient <item:mega_showdown:dynamax_band> from JEI
[22:16:03.891][INFO][JEITweaker]: Hiding ingredient <item:mega_showdown:korrina_glove> from JEI
[22:16:03.891][INFO][JEITweaker]: Hiding ingredient <item:mega_showdown:lisia_mega_tiara> from JEI
[22:16:03.891][INFO][JEITweaker]: Hiding ingredient <item:mega_showdown:lysandre_ring> from JEI
[22:16:03.891][INFO][JEITweaker]: Hiding ingredient <item:mega_showdown:maxie_glasses> from JEI
[22:16:03.891][INFO][JEITweaker]: Hiding ingredient <item:mega_showdown:may_bracelet> from JEI
[22:16:03.891][INFO][JEITweaker]: Hiding ingredient <item:mega_showdown:omni_ring> from JEI
[22:16:03.891][INFO][JEITweaker]: Hiding ingredient <item:mega_showdown:pika_case> from JEI
[22:16:03.891][INFO][JEITweaker]: Hiding ingredient <item:mega_showdown:red_orb> from JEI
[22:16:03.891][INFO][JEITweaker]: Hiding ingredient <item:mega_showdown:tera_orb> from JEI
[22:16:03.892][INFO][JEITweaker]: Hiding ingredient <item:mega_showdown:zygarde_cube> from JEI
[22:16:03.899][INFO][CraftTweaker-ZenCode]: Execution for loader 'crafttweaker' completed successfully
